Archive member included to satisfy reference by file (symbol)

C:/devkitPro/libctru/lib\libcitro2d.a(base.o)
                              main.o (C2D_Init)
C:/devkitPro/libctru/lib\libcitro2d.a(render2d.shbin.o)
                              C:/devkitPro/libctru/lib\libcitro2d.a(base.o) (render2d_shbin_size)
C:/devkitPro/libctru/lib\libcitro3d.a(uniforms.o)
                              C:/devkitPro/libctru/lib\libcitro2d.a(base.o) (C3D_FVUnifDirty)
C:/devkitPro/libctru/lib\libcitro3d.a(attribs.o)
                              C:/devkitPro/libctru/lib\libcitro2d.a(base.o) (AttrInfo_Init)
C:/devkitPro/libctru/lib\libcitro3d.a(effect.o)
                              C:/devkitPro/libctru/lib\libcitro2d.a(base.o) (C3D_CullFace)
C:/devkitPro/libctru/lib\libcitro3d.a(drawArrays.o)
                              C:/devkitPro/libctru/lib\libcitro2d.a(base.o) (C3D_DrawArrays)
C:/devkitPro/libctru/lib\libcitro3d.a(buffers.o)
                              C:/devkitPro/libctru/lib\libcitro2d.a(base.o) (BufInfo_Init)
C:/devkitPro/libctru/lib\libcitro3d.a(proctex.o)
                              C:/devkitPro/libctru/lib\libcitro2d.a(base.o) (C3D_ProcTexInit)
C:/devkitPro/libctru/lib\libcitro3d.a(texenv.o)
                              C:/devkitPro/libctru/lib\libcitro2d.a(base.o) (C3D_GetTexEnv)
C:/devkitPro/libctru/lib\libcitro3d.a(framebuffer.o)
                              C:/devkitPro/libctru/lib\libcitro2d.a(base.o) (C3D_FrameBufClear)
C:/devkitPro/libctru/lib\libcitro3d.a(texture.o)
                              C:/devkitPro/libctru/lib\libcitro2d.a(base.o) (C3D_TexBind)
C:/devkitPro/libctru/lib\libcitro3d.a(renderqueue.o)
                              main.o (C3D_FrameBegin)
C:/devkitPro/libctru/lib\libcitro3d.a(base.o)
                              C:/devkitPro/libctru/lib\libcitro3d.a(attribs.o) (__C3D_Context)
C:/devkitPro/libctru/lib\libcitro3d.a(mtx_orthotilt.o)
                              C:/devkitPro/libctru/lib\libcitro2d.a(base.o) (Mtx_OrthoTilt)
C:/devkitPro/libctru/lib\libcitro3d.a(mtx_ortho.o)
                              C:/devkitPro/libctru/lib\libcitro2d.a(base.o) (Mtx_Ortho)
C:/devkitPro/libctru/lib\libcitro3d.a(immediate.o)
                              C:/devkitPro/libctru/lib\libcitro3d.a(base.o) (C3D_ImmSendAttrib)
C:/devkitPro/libctru/lib\libctru.a(vram.o)
                              C:/devkitPro/libctru/lib\libcitro3d.a(texture.o) (vramAlloc)
C:/devkitPro/libctru/lib\libctru.a(linear.o)
                              C:/devkitPro/libctru/lib\libcitro2d.a(base.o) (linearAlloc)
C:/devkitPro/libctru/lib\libctru.a(mem_pool.o)
                              C:/devkitPro/libctru/lib\libctru.a(vram.o) (MemPool::Allocate(MemChunk&, unsigned long, int))
C:/devkitPro/libctru/lib\libctru.a(os.o)
                              C:/devkitPro/libctru/lib\libcitro3d.a(buffers.o) (osConvertVirtToPhys)
C:/devkitPro/libctru/lib\libctru.a(console.o)
                              main.o (consoleInit)
C:/devkitPro/libctru/lib\libctru.a(gfx.o)
                              C:/devkitPro/libctru/lib\libcitro3d.a(renderqueue.o) (gfxIs3D)
C:/devkitPro/libctru/lib\libctru.a(shaderProgram.o)
                              C:/devkitPro/libctru/lib\libcitro2d.a(base.o) (shaderInstanceGetUniformLocation)
C:/devkitPro/libctru/lib\libctru.a(shbin.o)
                              C:/devkitPro/libctru/lib\libcitro2d.a(base.o) (DVLB_ParseFile)
C:/devkitPro/libctru/lib\libctru.a(gx.o)
                              C:/devkitPro/libctru/lib\libctru.a(gfx.o) (gxCmdBuf)
C:/devkitPro/libctru/lib\libctru.a(gxqueue.o)
                              C:/devkitPro/libctru/lib\libcitro3d.a(renderqueue.o) (gxCmdQueueClear)
C:/devkitPro/libctru/lib\libctru.a(gpu.o)
                              C:/devkitPro/libctru/lib\libcitro3d.a(renderqueue.o) (gpuCmdBufOffset)
C:/devkitPro/libctru/lib\libctru.a(gspgpu.o)
                              C:/devkitPro/libctru/lib\libctru.a(gfx.o) (gspInit)
C:/devkitPro/libctru/lib\libctru.a(apt.o)
                              C:/devkitPro/libctru/lib\libcitro3d.a(base.o) (aptHook)
C:/devkitPro/libctru/lib\libctru.a(hid.o)
                              main.o (hidScanInput)
C:/devkitPro/libctru/lib\libctru.a(ptmsysm.o)
                              C:/devkitPro/libctru/lib\libctru.a(os.o) (ptmSysmInit)
C:/devkitPro/libctru/lib\libctru.a(rbtree_init.o)
                              C:/devkitPro/libctru/lib\libctru.a(vram.o) (rbtree_init)
C:/devkitPro/libctru/lib\libctru.a(rbtree_insert.o)
                              C:/devkitPro/libctru/lib\libctru.a(vram.o) (rbtree_insert)
C:/devkitPro/libctru/lib\libctru.a(rbtree_rotate.o)
                              C:/devkitPro/libctru/lib\libctru.a(rbtree_insert.o) (rbtree_rotate)
C:/devkitPro/libctru/lib\libctru.a(rbtree_remove.o)
                              C:/devkitPro/libctru/lib\libctru.a(vram.o) (rbtree_remove)
C:/devkitPro/libctru/lib\libctru.a(rbtree_find.o)
                              C:/devkitPro/libctru/lib\libctru.a(vram.o) (rbtree_find)
[...]
Memory Configuration

Name             Origin             Length             Attributes
*default*        0x0000000000000000 0xffffffffffffffff

Linker script and memory map

                0x0000000000100000                PROVIDE (__start__ = 0x100000)
                0x0000000000100000                . = __start__

.text           0x0000000000100000    0x25e60
 *(.crt0)
 .crt0          0x0000000000100000       0x94 c:/devkitpro/devkitarm/bin/../lib/gcc/arm-none-eabi/8.2.0/../../../../arm-none-eabi/lib/armv6k/fpu/3dsx_crt0.o
                0x0000000000100000                _start
                0x0000000000100008                __service_ptr
                0x000000000010000c                __apt_appid
                0x0000000000100010                __heap_size
                0x0000000000100014                __linear_heap_size
                0x0000000000100018                __system_arglist
                0x000000000010001c                __system_runflags
 *(.init)
 .init          0x0000000000100094        0xc c:/devkitpro/devkitarm/bin/../lib/gcc/arm-none-eabi/8.2.0/armv6k/fpu/crti.o
                0x0000000000100094                _init
 .init          0x00000000001000a0        0xc c:/devkitpro/devkitarm/bin/../lib/gcc/arm-none-eabi/8.2.0/armv6k/fpu/crtn.o
                0x00000000001000ac                . = ALIGN (0x4)
 *(.text)
 *fill*         0x00000000001000ac        0x4 
 .text          0x00000000001000b0      0x410 characterCalc.o
                0x00000000001000b0                getXSpeed(int, int)
                0x00000000001000d4                getYSpeed(int, int)
                0x00000000001000f4                getXCoord(int, int)
                0x00000000001000fc                getYCoord(int, int)
                0x0000000000100104                getTouchXDiff(int, int)
                0x0000000000100110                getTouchYDiff(int, int)
                0x000000000010011c                trsltLowX(int)
                0x0000000000100148                trsltLowY(int)
                0x0000000000100150                calcBarrelX4(float, int, int, int)
                0x00000000001001d0                calcBarrelY4(float, int, int, int)
                0x0000000000100258                calcBarrelX2(float, int, int, int)
                0x00000000001002d8                calcBarrelY2(float, int, int, int)
                0x0000000000100360                calcBarrelX3(float, int, int)
                0x00000000001003b8                calcBarrelY3(float, int, int)
                0x0000000000100410                calcBarrelX1(float, int, int)
                0x0000000000100468                calcBarrelY1(float, int, int)
 .text          0x00000000001004c0       0x64 C:/devkitPro/libctru/lib\libctru.a(stack_adjust.o)
                0x00000000001004c0                initSystem
                0x0000000000100504                __ctru_exit
 .text          0x0000000000100524      0x240 c:/devkitpro/devkitarm/bin/../lib/gcc/arm-none-eabi/8.2.0/armv6k/fpu\libgcc.a(_divsi3.o)
                0x0000000000100524                __divsi3
                0x0000000000100524                __aeabi_idiv
                0x0000000000100744                __aeabi_idivmod
 .text          0x0000000000100764        0x4 c:/devkitpro/devkitarm/bin/../lib/gcc/arm-none-eabi/8.2.0/armv6k/fpu\libgcc.a(_dvmd_tls.o)
                0x0000000000100764                __aeabi_idiv0
                0x0000000000100764                __aeabi_ldiv0
 .text          0x0000000000100768       0x3c c:/devkitpro/devkitarm/bin/../lib/gcc/arm-none-eabi/8.2.0/armv6k/fpu\libgcc.a(_aeabi_uldivmod.o)
                0x0000000000100768                __aeabi_uldivmod
 *fill*         0x00000000001007a4       0x1c 
 .text          0x00000000001007c0      0x390 c:/devkitpro/devkitarm/bin/../lib/gcc/arm-none-eabi/8.2.0/../../../../arm-none-eabi/lib/armv6k/fpu\libg.a(lib_a-strcmp.o)
                0x00000000001007c8                strcmp
 .text          0x0000000000100b50      0x20c c:/devkitpro/devkitarm/bin/../lib/gcc/arm-none-eabi/8.2.0/armv6k/fpu\libgcc.a(_udivsi3.o)
                0x0000000000100b50                __aeabi_uidiv
                0x0000000000100b50                __udivsi3
                0x0000000000100d3c                __aeabi_uidivmod
 *(.text.*)
 .text.deregister_tm_clones
                0x0000000000100d5c       0x2c c:/devkitpro/devkitarm/bin/../lib/gcc/arm-none-eabi/8.2.0/armv6k/fpu/crtbegin.o
 .text.register_tm_clones
                0x0000000000100d88       0x38 c:/devkitpro/devkitarm/bin/../lib/gcc/arm-none-eabi/8.2.0/armv6k/fpu/crtbegin.o
 .text.__do_global_dtors_aux
                0x0000000000100dc0       0x44 c:/devkitpro/devkitarm/bin/../lib/gcc/arm-none-eabi/8.2.0/armv6k/fpu/crtbegin.o
 .text.frame_dummy
                0x0000000000100e04       0x34 c:/devkitpro/devkitarm/bin/../lib/gcc/arm-none-eabi/8.2.0/armv6k/fpu/crtbegin.o
 .text.startup  0x0000000000100e38      0x440 main.o
                0x0000000000100e38                main
 .text.C2D_Init
                0x0000000000101278      0x32c C:/devkitPro/libctru/lib\libcitro2d.a(base.o)
                0x0000000000101278                C2D_Init
 .text.C2D_Fini
                0x00000000001015a4       0x48 C:/devkitPro/libctru/lib\libcitro2d.a(base.o)
                0x00000000001015a4                C2D_Fini
 .text.C2D_Prepare
                0x00000000001015ec       0xc8 C:/devkitPro/libctru/lib\libcitro2d.a(base.o)
                0x00000000001015ec                C2D_Prepare
 .text.C2D_SceneSize
                0x00000000001016b4      0x10c C:/devkitPro/libctru/lib\libcitro2d.a(base.o)
                0x00000000001016b4                C2D_SceneSize
 .text.C2D_CreateScreenTarget
                0x00000000001017c0       0x44 C:/devkitPro/libctru/lib\libcitro2d.a(base.o)
                0x00000000001017c0                C2D_CreateScreenTarget
 .text.C2Di_FlushVtxBuf
                0x0000000000101804       0x30 C:/devkitPro/libctru/lib\libcitro2d.a(base.o)
                0x0000000000101804                C2Di_FlushVtxBuf
 .text.C2Di_FrameEndHook
                0x0000000000101834       0x20 C:/devkitPro/libctru/lib\libcitro2d.a(base.o)
 .text.C2D_Flush
                0x0000000000101854       0x18 C:/devkitPro/libctru/lib\libcitro2d.a(base.o)
                0x0000000000101854                C2D_Flush
 .text.C2D_TargetClear
                0x000000000010186c       0x30 C:/devkitPro/libctru/lib\libcitro2d.a(base.o)
                0x000000000010186c                C2D_TargetClear
 .text.C2Di_Update
                0x000000000010189c      0x218 C:/devkitPro/libctru/lib\libcitro2d.a(base.o)
                0x000000000010189c                C2Di_Update
 .text.C2D_DrawTriangle
                0x0000000000101ab4      0x130 C:/devkitPro/libctru/lib\libcitro2d.a(base.o)
                0x0000000000101ab4                C2D_DrawTriangle
 .text.C2D_DrawRectangle
                0x0000000000101be4      0x1c0 C:/devkitPro/libctru/lib\libcitro2d.a(base.o)
                0x0000000000101be4                C2D_DrawRectangle
 .text.C2D_DrawEllipse
                0x0000000000101da4      0x1a8 C:/devkitPro/libctru/lib\libcitro2d.a(base.o)
                0x0000000000101da4                C2D_DrawEllipse
 .text.C3D_UpdateUniforms
                0x0000000000101f4c      0x2b8 C:/devkitPro/libctru/lib\libcitro3d.a(uniforms.o)
                0x0000000000101f4c                C3D_UpdateUniforms
 .text.C3Di_DirtyUniforms
                0x0000000000102204       0xc0 C:/devkitPro/libctru/lib\libcitro3d.a(uniforms.o)
                0x0000000000102204                C3Di_DirtyUniforms
 .text.C3Di_LoadShaderUniforms
                0x00000000001022c4       0xe0 C:/devkitPro/libctru/lib\libcitro3d.a(uniforms.o)
                0x00000000001022c4                C3Di_LoadShaderUniforms
 .text.C3Di_ClearShaderUniforms
                0x00000000001023a4       0x28 C:/devkitPro/libctru/lib\libcitro3d.a(uniforms.o)
                0x00000000001023a4                C3Di_ClearShaderUniforms
 .text.AttrInfo_Init
                0x00000000001023cc       0x28 C:/devkitPro/libctru/lib\libcitro3d.a(attribs.o)
                0x00000000001023cc                AttrInfo_Init
 .text.AttrInfo_AddLoader
                0x00000000001023f4       0xa0 C:/devkitPro/libctru/lib\libcitro3d.a(attribs.o)
                0x00000000001023f4                AttrInfo_AddLoader
 .text.C3D_SetAttrInfo
                0x0000000000102494       0x54 C:/devkitPro/libctru/lib\libcitro3d.a(attribs.o)
                0x0000000000102494                C3D_SetAttrInfo
 .text.C3Di_AttrInfoBind
                0x00000000001024e8       0x80 C:/devkitPro/libctru/lib\libcitro3d.a(attribs.o)
                0x00000000001024e8                C3Di_AttrInfoBind
 .text.C3D_DepthMap
                0x0000000000102568       0x40 C:/devkitPro/libctru/lib\libcitro3d.a(effect.o)
                0x0000000000102568                C3D_DepthMap
 .text.C3D_CullFace
                0x00000000001025a8       0x1c C:/devkitPro/libctru/lib\libcitro3d.a(effect.o)
                0x00000000001025a8                C3D_CullFace
 .text.C3D_StencilTest
                0x00000000001025c4       0x40 C:/devkitPro/libctru/lib\libcitro3d.a(effect.o)
                0x00000000001025c4                C3D_StencilTest
 .text.C3D_StencilOp
                0x0000000000102604       0x24 C:/devkitPro/libctru/lib\libcitro3d.a(effect.o)
                0x0000000000102604                C3D_StencilOp
 .text.C3D_BlendingColor
                0x0000000000102628       0x1c C:/devkitPro/libctru/lib\libcitro3d.a(effect.o)
                0x0000000000102628                C3D_BlendingColor
 .text.C3D_EarlyDepthTest
                0x0000000000102644       0x24 C:/devkitPro/libctru/lib\libcitro3d.a(effect.o)
                0x0000000000102644                C3D_EarlyDepthTest
 .text.C3D_DepthTest
                0x0000000000102668       0x2c C:/devkitPro/libctru/lib\libcitro3d.a(effect.o)
                0x0000000000102668                C3D_DepthTest
 .text.C3D_AlphaTest
                0x0000000000102694       0x2c C:/devkitPro/libctru/lib\libcitro3d.a(effect.o)
                0x0000000000102694                C3D_AlphaTest
 .text.C3D_AlphaBlend
                0x00000000001026c0       0x50 C:/devkitPro/libctru/lib\libcitro3d.a(effect.o)
                0x00000000001026c0                C3D_AlphaBlend
 .text.C3D_FragOpMode
                0x0000000000102710       0x30 C:/devkitPro/libctru/lib\libcitro3d.a(effect.o)
                0x0000000000102710                C3D_FragOpMode
 .text.C3D_FragOpShadow
                0x0000000000102740       0x44 C:/devkitPro/libctru/lib\libcitro3d.a(effect.o)
                0x0000000000102740                C3D_FragOpShadow
 .text.C3Di_EffectBind
                0x0000000000102784      0x1ac C:/devkitPro/libctru/lib\libcitro3d.a(effect.o)
                0x0000000000102784                C3Di_EffectBind
 .text.C3D_DrawArrays
                0x0000000000102930      0x148 C:/devkitPro/libctru/lib\libcitro3d.a(drawArrays.o)
                0x0000000000102930                C3D_DrawArrays
 .text.BufInfo_Init
                0x0000000000102a78       0x24 C:/devkitPro/libctru/lib\libcitro3d.a(buffers.o)
                0x0000000000102a78                BufInfo_Init
 .text.BufInfo_Add
                0x0000000000102a9c       0x84 C:/devkitPro/libctru/lib\libcitro3d.a(buffers.o)
                0x0000000000102a9c                BufInfo_Add
 .text.C3D_SetBufInfo
                0x0000000000102b20       0x40 C:/devkitPro/libctru/lib\libcitro3d.a(buffers.o)
                0x0000000000102b20                C3D_SetBufInfo
 .text.C3Di_BufInfoBind
                0x0000000000102b60       0x48 C:/devkitPro/libctru/lib\libcitro3d.a(buffers.o)
                0x0000000000102b60                C3Di_BufInfoBind
 .text.C3D_ProcTexInit
                0x0000000000102ba8       0x6c C:/devkitPro/libctru/lib\libcitro3d.a(proctex.o)
                0x0000000000102ba8                C3D_ProcTexInit
 .text.C3D_ProcTexBind
                0x0000000000102c14       0x50 C:/devkitPro/libctru/lib\libcitro3d.a(proctex.o)
                0x0000000000102c14                C3D_ProcTexBind
 .text.C3D_ProcTexLutBind
                0x0000000000102c64       0x60 C:/devkitPro/libctru/lib\libcitro3d.a(proctex.o)
                0x0000000000102c64                C3D_ProcTexLutBind
 .text.ProcTexLut_FromArray
                0x0000000000102cc4       0xa4 C:/devkitPro/libctru/lib\libcitro3d.a(proctex.o)
                0x0000000000102cc4                ProcTexLut_FromArray
 .text.C3Di_ProcTexUpdate
                0x0000000000102d68      0x174 C:/devkitPro/libctru/lib\libcitro3d.a(proctex.o)
                0x0000000000102d68                C3Di_ProcTexUpdate
 .text.C3Di_ProcTexDirty
                0x0000000000102edc       0x68 C:/devkitPro/libctru/lib\libcitro3d.a(proctex.o)
                0x0000000000102edc                C3Di_ProcTexDirty
 .text.C3D_GetTexEnv
                0x0000000000102f44       0x34 C:/devkitPro/libctru/lib\libcitro3d.a(texenv.o)
                0x0000000000102f44                C3D_GetTexEnv
 .text.C3Di_TexEnvBind
                0x0000000000102f78       0x24 C:/devkitPro/libctru/lib\libcitro3d.a(texenv.o)
                0x0000000000102f78                C3Di_TexEnvBind
 .text.C3D_CalcColorBufSize
                0x0000000000102f9c       0x1c C:/devkitPro/libctru/lib\libcitro3d.a(framebuffer.o)
                0x0000000000102f9c                C3D_CalcColorBufSize
 .text.C3D_CalcDepthBufSize
                0x0000000000102fb8       0x1c C:/devkitPro/libctru/lib\libcitro3d.a(framebuffer.o)
                0x0000000000102fb8                C3D_CalcDepthBufSize
 .text.C3D_SetFrameBuf
                0x0000000000102fd4       0x44 C:/devkitPro/libctru/lib\libcitro3d.a(framebuffer.o)
                0x0000000000102fd4                C3D_SetFrameBuf
 .text.C3Di_FrameBufBind
                0x0000000000103018      0x168 C:/devkitPro/libctru/lib\libcitro3d.a(framebuffer.o)
                0x0000000000103018                C3Di_FrameBufBind
 .text.C3D_FrameBufClear
                0x0000000000103180       0xc8 C:/devkitPro/libctru/lib\libcitro3d.a(framebuffer.o)
                0x0000000000103180                C3D_FrameBufClear
 .text.C3D_FrameBufTransfer
                0x0000000000103248       0x48 C:/devkitPro/libctru/lib\libcitro3d.a(framebuffer.o)
                0x0000000000103248                C3D_FrameBufTransfer
 .text.C3D_TexBind
                0x0000000000103290       0x48 C:/devkitPro/libctru/lib\libcitro3d.a(texture.o)
                0x0000000000103290                C3D_TexBind
 .text.C3Di_SetTex
                0x00000000001032d8      0x174 C:/devkitPro/libctru/lib\libcitro3d.a(texture.o)
                0x00000000001032d8                C3Di_SetTex
 .text.C3Di_RenderQueueInit
                0x000000000010344c       0x54 C:/devkitPro/libctru/lib\libcitro3d.a(renderqueue.o)
 .text.C3Di_RenderTargetDestroy
                0x00000000001034a0       0x80 C:/devkitPro/libctru/lib\libcitro3d.a(renderqueue.o)
 .text.onVBlank1
                0x0000000000103520       0xac C:/devkitPro/libctru/lib\libcitro3d.a(renderqueue.o)
 .text.onVBlank0
                0x00000000001035cc      0x13c C:/devkitPro/libctru/lib\libcitro3d.a(renderqueue.o)
 .text.C3Di_RenderTargetNew
                0x0000000000103708        0xc C:/devkitPro/libctru/lib\libcitro3d.a(renderqueue.o)
 .text.C3Di_WaitAndClearQueue
                0x0000000000103714       0x7c C:/devkitPro/libctru/lib\libcitro3d.a(renderqueue.o)
 .text.onQueueFinish
                0x0000000000103790       0xc0 C:/devkitPro/libctru/lib\libcitro3d.a(renderqueue.o)
 .text.C3D_FrameSplit.part.6
                0x0000000000103850       0x44 C:/devkitPro/libctru/lib\libcitro3d.a(renderqueue.o)
 .text.C3D_FrameSync
                0x0000000000103894       0x30 C:/devkitPro/libctru/lib\libcitro3d.a(renderqueue.o)
                0x0000000000103894                C3D_FrameSync
 .text.C3Di_RenderQueueExit
                0x00000000001038c4       0xa0 C:/devkitPro/libctru/lib\libcitro3d.a(renderqueue.o)
                0x00000000001038c4                C3Di_RenderQueueExit
 .text.C3Di_RenderQueueWaitDone
                0x0000000000103964       0x20 C:/devkitPro/libctru/lib\libcitro3d.a(renderqueue.o)
                0x0000000000103964                C3Di_RenderQueueWaitDone
 .text.C3D_FrameBegin
                0x0000000000103984       0x7c C:/devkitPro/libctru/lib\libcitro3d.a(renderqueue.o)
                0x0000000000103984                C3D_FrameBegin
 .text.C3D_FrameDrawOn
                0x0000000000103a00       0x48 C:/devkitPro/libctru/lib\libcitro3d.a(renderqueue.o)
                0x0000000000103a00                C3D_FrameDrawOn
 .text.C3D_FrameSplit
                0x0000000000103a48       0x18 C:/devkitPro/libctru/lib\libcitro3d.a(renderqueue.o)
                0x0000000000103a48                C3D_FrameSplit
 .text.C3D_FrameEnd
                0x0000000000103a60      0x164 C:/devkitPro/libctru/lib\libcitro3d.a(renderqueue.o)
                0x0000000000103a60                C3D_FrameEnd
 .text.C3D_FrameEndHook
                0x0000000000103bc4       0x1c C:/devkitPro/libctru/lib\libcitro3d.a(renderqueue.o)
                0x0000000000103bc4                C3D_FrameEndHook
 .text.C3D_RenderTargetCreate
                0x0000000000103be0      0x17c C:/devkitPro/libctru/lib\libcitro3d.a(renderqueue.o)
                0x0000000000103be0                C3D_RenderTargetCreate
 .text.C3D_RenderTargetSetOutput
                0x0000000000103d5c       0x4c C:/devkitPro/libctru/lib\libcitro3d.a(renderqueue.o)
                0x0000000000103d5c                C3D_RenderTargetSetOutput
 .text.C3Di_SplitFrame.part.1
                0x0000000000103da8       0xc4 C:/devkitPro/libctru/lib\libcitro3d.a(base.o)
 .text.C3Di_LightEnvUpdate
                0x0000000000103e6c        0x4 C:/devkitPro/libctru/lib\libcitro3d.a(base.o)
                0x0000000000103e6c                C3Di_LightEnvUpdate
 .text.C3Di_LightEnvDirty
                0x0000000000103e70        0x4 C:/devkitPro/libctru/lib\libcitro3d.a(base.o)
                0x0000000000103e70                C3Di_LightEnvDirty
 .text.C3Di_AptEventHook
                0x0000000000103e74       0xac C:/devkitPro/libctru/lib\libcitro3d.a(base.o)
 .text.C3Di_GasUpdate
                0x0000000000103f20        0x4 C:/devkitPro/libctru/lib\libcitro3d.a(base.o)
                0x0000000000103f20                C3Di_GasUpdate
 .text.C3D_Init
                0x0000000000103f24      0x21c C:/devkitPro/libctru/lib\libcitro3d.a(base.o)
                0x0000000000103f24                C3D_Init
 .text.C3D_SetViewport
                0x0000000000104140       0x98 C:/devkitPro/libctru/lib\libcitro3d.a(base.o)
                0x0000000000104140                C3D_SetViewport
 .text.C3Di_UpdateContext
                0x00000000001041d8      0x50c C:/devkitPro/libctru/lib\libcitro3d.a(base.o)
                0x00000000001041d8                C3Di_UpdateContext
 .text.C3Di_SplitFrame
                0x00000000001046e4       0x20 C:/devkitPro/libctru/lib\libcitro3d.a(base.o)
                0x00000000001046e4                C3Di_SplitFrame
 .text.C3D_Fini
                0x0000000000104704       0x64 C:/devkitPro/libctru/lib\libcitro3d.a(base.o)
                0x0000000000104704                C3D_Fini
 .text.C3D_BindProgram
                0x0000000000104768      0x114 C:/devkitPro/libctru/lib\libcitro3d.a(base.o)
                0x0000000000104768                C3D_BindProgram
 .text.Mtx_OrthoTilt
                0x000000000010487c       0xcc C:/devkitPro/libctru/lib\libcitro3d.a(mtx_orthotilt.o)
                0x000000000010487c                Mtx_OrthoTilt
 .text.Mtx_Ortho
                0x0000000000104948       0xcc C:/devkitPro/libctru/lib\libcitro3d.a(mtx_ortho.o)
                0x0000000000104948                Mtx_Ortho
 .text.C3D_ImmSendAttrib
                0x0000000000104a14       0xa4 C:/devkitPro/libctru/lib\libcitro3d.a(immediate.o)
                0x0000000000104a14                C3D_ImmSendAttrib
 .text._ZL21addrMapNodeComparatorPK11rbtree_nodeS1_
                0x0000000000104ab8       0x24 C:/devkitPro/libctru/lib\libctru.a(vram.o)
 .text._ZL21addrMapNodeDestructorP11rbtree_node
                0x0000000000104adc        0x4 C:/devkitPro/libctru/lib\libctru.a(vram.o)
 .text.vramMemAlign
                0x0000000000104ae0      0x110 C:/devkitPro/libctru/lib\libctru.a(vram.o)
                0x0000000000104ae0                vramMemAlign
 .text.vramAlloc
                0x0000000000104bf0        0x8 C:/devkitPro/libctru/lib\libctru.a(vram.o)
                0x0000000000104bf0                vramAlloc
 .text.vramFree
                0x0000000000104bf8       0x50 C:/devkitPro/libctru/lib\libctru.a(vram.o)
                0x0000000000104bf8                vramFree
 .text._ZL21addrMapNodeComparatorPK11rbtree_nodeS1_
                0x0000000000104c48       0x24 C:/devkitPro/libctru/lib\libctru.a(linear.o)
 .text._ZL21addrMapNodeDestructorP11rbtree_node
                0x0000000000104c6c        0x4 C:/devkitPro/libctru/lib\libctru.a(linear.o)
 .text.linearMemAlign
                0x0000000000104c70      0x11c C:/devkitPro/libctru/lib\libctru.a(linear.o)
                0x0000000000104c70                linearMemAlign
 .text.linearAlloc
                0x0000000000104d8c        0x8 C:/devkitPro/libctru/lib\libctru.a(linear.o)
                0x0000000000104d8c                linearAlloc
 .text.linearFree
                0x0000000000104d94       0x50 C:/devkitPro/libctru/lib\libctru.a(linear.o)
                0x0000000000104d94                linearFree
 .text._ZN7MemPool13CoalesceRightEP8MemBlock
                0x0000000000104de4       0x90 C:/devkitPro/libctru/lib\libctru.a(mem_pool.o)
                0x0000000000104de4                MemPool::CoalesceRight(MemBlock*)
 .text._ZN7MemPool8AllocateER8MemChunkmi
                0x0000000000104e74      0x174 C:/devkitPro/libctru/lib\libctru.a(mem_pool.o)
                0x0000000000104e74                MemPool::Allocate(MemChunk&, unsigned long, int)
 .text._ZN7MemPool10DeallocateERK8MemChunk
                0x0000000000104fe8       0xfc C:/devkitPro/libctru/lib\libctru.a(mem_pool.o)
                0x0000000000104fe8                MemPool::Deallocate(MemChunk const&)
 .text.getSysTime
                0x00000000001050e4       0x58 C:/devkitPro/libctru/lib\libctru.a(os.o)
 .text.__ctru_speedup_config.part.0
                0x000000000010513c       0x28 C:/devkitPro/libctru/lib\libctru.a(os.o)
 .text.osConvertVirtToPhys
                0x0000000000105164       0x4c C:/devkitPro/libctru/lib\libctru.a(os.o)
                0x0000000000105164                osConvertVirtToPhys
 .text.osGetMemRegionUsed
                0x00000000001051b0       0x24 C:/devkitPro/libctru/lib\libctru.a(os.o)
                0x00000000001051b0                osGetMemRegionUsed
 *fill*         0x00000000001051d4        0x4 
 .text.__libctru_gtod
                0x00000000001051d8      0x128 C:/devkitPro/libctru/lib\libctru.a(os.o)
                0x00000000001051d8                __libctru_gtod
 .text.__ctru_speedup_config
                0x0000000000105300       0x18 C:/devkitPro/libctru/lib\libctru.a(os.o)
                0x0000000000105300                __ctru_speedup_config
 .text.consoleDrawChar
                0x0000000000105318      0x1b8 C:/devkitPro/libctru/lib\libctru.a(console.o)
                0x0000000000105318                consoleDrawChar
 .text.consolePrintChar
                0x00000000001054d0      0x124 C:/devkitPro/libctru/lib\libctru.a(console.o)
                0x00000000001054d0                consolePrintChar
 .text.consoleCls
                0x00000000001055f4      0x164 C:/devkitPro/libctru/lib\libctru.a(console.o)
 .text.consoleInit
                0x0000000000105758      0x104 C:/devkitPro/libctru/lib\libctru.a(console.o)
                0x0000000000105758                consoleInit
 .text.consoleClearLine
                0x000000000010585c      0x114 C:/devkitPro/libctru/lib\libctru.a(console.o)
 .text.newRow   0x0000000000105970       0xc4 C:/devkitPro/libctru/lib\libctru.a(console.o)
 .text.con_write
                0x0000000000105a34      0x7b8 C:/devkitPro/libctru/lib\libctru.a(console.o)
                0x0000000000105a34                con_write
 .text.consoleClear
                0x00000000001061ec        0xc C:/devkitPro/libctru/lib\libctru.a(console.o)
                0x00000000001061ec                consoleClear
 .text.gfxSetFramebufferInfo.part.0
                0x00000000001061f8       0x8c C:/devkitPro/libctru/lib\libctru.a(gfx.o)
 .text.gfxSetFramebufferInfo
                0x0000000000106284       0x6c C:/devkitPro/libctru/lib\libctru.a(gfx.o)
 .text.gfxGetFramebuffer.part.1
                0x00000000001062f0       0x58 C:/devkitPro/libctru/lib\libctru.a(gfx.o)
 .text.gfxIs3D  0x0000000000106348       0x10 C:/devkitPro/libctru/lib\libctru.a(gfx.o)
                0x0000000000106348                gfxIs3D
 .text.__get_bytes_per_pixel
                0x0000000000106358       0x18 C:/devkitPro/libctru/lib\libctru.a(gfx.o)
                0x0000000000106358                __get_bytes_per_pixel
 .text.gfxSetScreenFormat
                0x0000000000106370      0x184 C:/devkitPro/libctru/lib\libctru.a(gfx.o)
                0x0000000000106370                gfxSetScreenFormat
 .text.gfxSetDoubleBuffering
                0x00000000001064f4       0x10 C:/devkitPro/libctru/lib\libctru.a(gfx.o)
                0x00000000001064f4                gfxSetDoubleBuffering
 .text.gfxInit  0x0000000000106504      0x210 C:/devkitPro/libctru/lib\libctru.a(gfx.o)
                0x0000000000106504                gfxInit
 .text.gfxInitDefault
                0x0000000000106714       0x10 C:/devkitPro/libctru/lib\libctru.a(gfx.o)
                0x0000000000106714                gfxInitDefault
 .text.gfxExit  0x0000000000106724       0xe0 C:/devkitPro/libctru/lib\libctru.a(gfx.o)
                0x0000000000106724                gfxExit
 .text.gfxGetFramebuffer
                0x0000000000106804       0x60 C:/devkitPro/libctru/lib\libctru.a(gfx.o)
                0x0000000000106804                gfxGetFramebuffer
 .text.gfxFlushBuffers
                0x0000000000106864       0xcc C:/devkitPro/libctru/lib\libctru.a(gfx.o)
                0x0000000000106864                gfxFlushBuffers
 .text.gfxConfigScreen
                0x0000000000106930       0xf8 C:/devkitPro/libctru/lib\libctru.a(gfx.o)
                0x0000000000106930                gfxConfigScreen
 .text.gfxSwapBuffersGpu
                0x0000000000106a28       0x20 C:/devkitPro/libctru/lib\libctru.a(gfx.o)
                0x0000000000106a28                gfxSwapBuffersGpu
 .text.shaderInstanceInit
                0x0000000000106a48      0x1ec C:/devkitPro/libctru/lib\libctru.a(shaderProgram.o)
                0x0000000000106a48                shaderInstanceInit
 .text.shaderInstanceFree
                0x0000000000106c34       0x34 C:/devkitPro/libctru/lib\libctru.a(shaderProgram.o)
                0x0000000000106c34                shaderInstanceFree
 .text.shaderInstanceGetUniformLocation
                0x0000000000106c68       0x18 C:/devkitPro/libctru/lib\libctru.a(shaderProgram.o)
                0x0000000000106c68                shaderInstanceGetUniformLocation
 .text.shaderProgramInit
                0x0000000000106c80       0x18 C:/devkitPro/libctru/lib\libctru.a(shaderProgram.o)
                0x0000000000106c80                shaderProgramInit
 .text.shaderProgramFree
                0x0000000000106c98       0x2c C:/devkitPro/libctru/lib\libctru.a(shaderProgram.o)
                0x0000000000106c98                shaderProgramFree
 .text.shaderProgramSetVsh
                0x0000000000106cc4       0x6c C:/devkitPro/libctru/lib\libctru.a(shaderProgram.o)
                0x0000000000106cc4                shaderProgramSetVsh
 .text.shaderProgramConfigure
                0x0000000000106d30      0x8d4 C:/devkitPro/libctru/lib\libctru.a(shaderProgram.o)
                0x0000000000106d30                shaderProgramConfigure
 .text.DVLE_GenerateOutmap.part.0
                0x0000000000107604      0x1f8 C:/devkitPro/libctru/lib\libctru.a(shbin.o)
 .text.DVLB_ParseFile
                0x00000000001077fc      0x1cc C:/devkitPro/libctru/lib\libctru.a(shbin.o)
                0x00000000001077fc                DVLB_ParseFile
 .text.DVLB_Free
                0x00000000001079c8       0x38 C:/devkitPro/libctru/lib\libctru.a(shbin.o)
                0x00000000001079c8                DVLB_Free
 .text.DVLE_GetUniformRegister
                0x0000000000107a00       0x78 C:/devkitPro/libctru/lib\libctru.a(shbin.o)
                0x0000000000107a00                DVLE_GetUniformRegister
 .text.submitGxCommand
                0x0000000000107a78       0x38 C:/devkitPro/libctru/lib\libctru.a(gx.o)
 .text.GX_BindQueue
                0x0000000000107ab0       0x10 C:/devkitPro/libctru/lib\libctru.a(gx.o)
                0x0000000000107ab0                GX_BindQueue
 .text.GX_ProcessCommandList
                0x0000000000107ac0       0x50 C:/devkitPro/libctru/lib\libctru.a(gx.o)
                0x0000000000107ac0                GX_ProcessCommandList
 .text.GX_MemoryFill
                0x0000000000107b10       0x54 C:/devkitPro/libctru/lib\libctru.a(gx.o)
                0x0000000000107b10                GX_MemoryFill
 .text.GX_DisplayTransfer
                0x0000000000107b64       0x48 C:/devkitPro/libctru/lib\libctru.a(gx.o)
                0x0000000000107b64                GX_DisplayTransfer
 .text.gxCmdQueueDoCommands.part.0
                0x0000000000107bac       0x74 C:/devkitPro/libctru/lib\libctru.a(gxqueue.o)
 .text.gxCmdQueueInterrupt
                0x0000000000107c20       0xc8 C:/devkitPro/libctru/lib\libctru.a(gxqueue.o)
                0x0000000000107c20                gxCmdQueueInterrupt
 .text.gxCmdQueueClear
                0x0000000000107ce8       0x4c C:/devkitPro/libctru/lib\libctru.a(gxqueue.o)
                0x0000000000107ce8                gxCmdQueueClear
 .text.gxCmdQueueAdd
                0x0000000000107d34       0xf8 C:/devkitPro/libctru/lib\libctru.a(gxqueue.o)
                0x0000000000107d34                gxCmdQueueAdd
 .text.gxCmdQueueRun
                0x0000000000107e2c       0x80 C:/devkitPro/libctru/lib\libctru.a(gxqueue.o)
                0x0000000000107e2c                gxCmdQueueRun
 .text.gxCmdQueueStop
                0x0000000000107eac       0x60 C:/devkitPro/libctru/lib\libctru.a(gxqueue.o)
                0x0000000000107eac                gxCmdQueueStop
 .text.gxCmdQueueWait
                0x0000000000107f0c       0x84 C:/devkitPro/libctru/lib\libctru.a(gxqueue.o)
                0x0000000000107f0c                gxCmdQueueWait
 .text.GPUCMD_Add
                0x0000000000107f90      0x138 C:/devkitPro/libctru/lib\libctru.a(gpu.o)
                0x0000000000107f90                GPUCMD_Add
 .text.GPUCMD_Split
                0x00000000001080c8       0xb0 C:/devkitPro/libctru/lib\libctru.a(gpu.o)
                0x00000000001080c8                GPUCMD_Split
 .text.f32tof16
                0x0000000000108178       0x34 C:/devkitPro/libctru/lib\libctru.a(gpu.o)
                0x0000000000108178                f32tof16
 .text.f32tof24
                0x00000000001081ac       0x34 C:/devkitPro/libctru/lib\libctru.a(gpu.o)
                0x00000000001081ac                f32tof24
 .text.f32tof31
                0x00000000001081e0       0x38 C:/devkitPro/libctru/lib\libctru.a(gpu.o)
                0x00000000001081e0                f32tof31
 .text.gspInit  0x0000000000108218       0x74 C:/devkitPro/libctru/lib\libctru.a(gspgpu.o)
                0x0000000000108218                gspInit
 .text.gspExit  0x000000000010828c       0x3c C:/devkitPro/libctru/lib\libctru.a(gspgpu.o)
                0x000000000010828c                gspExit
 .text.gspSetEventCallback
                0x00000000001082c8       0x34 C:/devkitPro/libctru/lib\libctru.a(gspgpu.o)
                0x00000000001082c8                gspSetEventCallback
 .text.gspInitEventHandler
                0x00000000001082fc       0xa0 C:/devkitPro/libctru/lib\libctru.a(gspgpu.o)
                0x00000000001082fc                gspInitEventHandler
 .text.gspExitEventHandler
                0x000000000010839c       0x40 C:/devkitPro/libctru/lib\libctru.a(gspgpu.o)
                0x000000000010839c                gspExitEventHandler
 .text.gspWaitForEvent
                0x00000000001083dc       0x44 C:/devkitPro/libctru/lib\libctru.a(gspgpu.o)
                0x00000000001083dc                gspWaitForEvent
 .text.gspWaitForAnyEvent
                0x0000000000108420       0x64 C:/devkitPro/libctru/lib\libctru.a(gspgpu.o)
                0x0000000000108420                gspWaitForAnyEvent
 .text.gspEventThreadMain
                0x0000000000108484      0x178 C:/devkitPro/libctru/lib\libctru.a(gspgpu.o)
 .text.gspSubmitGxCommand
                0x00000000001085fc      0x120 C:/devkitPro/libctru/lib\libctru.a(gspgpu.o)
                0x00000000001085fc                gspSubmitGxCommand
 .text.GSPGPU_SetBufferSwap
                0x000000000010871c       0x6c C:/devkitPro/libctru/lib\libctru.a(gspgpu.o)
                0x000000000010871c                GSPGPU_SetBufferSwap
 .text.GSPGPU_FlushDataCache
                0x0000000000108788       0x4c C:/devkitPro/libctru/lib\libctru.a(gspgpu.o)
                0x0000000000108788                GSPGPU_FlushDataCache
 .text.GSPGPU_SetLcdForceBlack
                0x00000000001087d4       0x34 C:/devkitPro/libctru/lib\libctru.a(gspgpu.o)
                0x00000000001087d4                GSPGPU_SetLcdForceBlack
 .text.GSPGPU_RegisterInterruptRelayQueue
                0x0000000000108808       0x64 C:/devkitPro/libctru/lib\libctru.a(gspgpu.o)
                0x0000000000108808                GSPGPU_RegisterInterruptRelayQueue
 .text.GSPGPU_UnregisterInterruptRelayQueue
                0x000000000010886c       0x2c C:/devkitPro/libctru/lib\libctru.a(gspgpu.o)
                0x000000000010886c                GSPGPU_UnregisterInterruptRelayQueue
 .text.GSPGPU_AcquireRight
                0x0000000000108898       0x48 C:/devkitPro/libctru/lib\libctru.a(gspgpu.o)
                0x0000000000108898                GSPGPU_AcquireRight
 .text.GSPGPU_ReleaseRight
                0x00000000001088e0       0x2c C:/devkitPro/libctru/lib\libctru.a(gspgpu.o)
                0x00000000001088e0                GSPGPU_ReleaseRight
 .text.GSPGPU_ImportDisplayCaptureInfo
                0x000000000010890c       0x80 C:/devkitPro/libctru/lib\libctru.a(gspgpu.o)
                0x000000000010890c                GSPGPU_ImportDisplayCaptureInfo
 .text.GSPGPU_SaveVramSysArea
                0x000000000010898c       0x2c C:/devkitPro/libctru/lib\libctru.a(gspgpu.o)
                0x000000000010898c                GSPGPU_SaveVramSysArea
 .text.GSPGPU_RestoreVramSysArea
                0x00000000001089b8       0x2c C:/devkitPro/libctru/lib\libctru.a(gspgpu.o)
                0x00000000001089b8                GSPGPU_RestoreVramSysArea
 .text._aptDebug
                0x00000000001089e4        0x4 C:/devkitPro/libctru/lib\libctru.a(apt.o)
                0x00000000001089e4                _aptDebug
 .text.aptSendCommand
                0x00000000001089e8      0x170 C:/devkitPro/libctru/lib\libctru.a(apt.o)
                0x00000000001089e8                aptSendCommand
 .text.aptExitProcess
                0x0000000000108b58       0x3c C:/devkitPro/libctru/lib\libctru.a(apt.o)
 .text.aptHook  0x0000000000108b94       0x34 C:/devkitPro/libctru/lib\libctru.a(apt.o)
                0x0000000000108b94                aptHook
 .text.aptUnhook
                0x0000000000108bc8       0x2c C:/devkitPro/libctru/lib\libctru.a(apt.o)
                0x0000000000108bc8                aptUnhook
 .text.APT_InquireNotification
                0x0000000000108bf4       0x4c C:/devkitPro/libctru/lib\libctru.a(apt.o)
                0x0000000000108bf4                APT_InquireNotification
 .text.aptEventHandler
                0x0000000000108c40      0x198 C:/devkitPro/libctru/lib\libctru.a(apt.o)
 .text.APT_AppletUtility
                0x0000000000108dd8       0x74 C:/devkitPro/libctru/lib\libctru.a(apt.o)
                0x0000000000108dd8                APT_AppletUtility
 .text.aptSetSleepAllowed
                0x0000000000108e4c       0xb0 C:/devkitPro/libctru/lib\libctru.a(apt.o)
                0x0000000000108e4c                aptSetSleepAllowed
 .text.APT_GlanceParameter
                0x0000000000108efc       0xb0 C:/devkitPro/libctru/lib\libctru.a(apt.o)
                0x0000000000108efc                APT_GlanceParameter
 .text.APT_ReceiveParameter
                0x0000000000108fac       0xc4 C:/devkitPro/libctru/lib\libctru.a(apt.o)
                0x0000000000108fac                APT_ReceiveParameter
 .text.aptReceiveParameter.constprop.0
                0x0000000000109070       0xbc C:/devkitPro/libctru/lib\libctru.a(apt.o)
 *fill*         0x000000000010912c        0x4 
 .text.aptScreenTransfer
                0x0000000000109130      0x1e0 C:/devkitPro/libctru/lib\libctru.a(apt.o)
 .text.aptWaitForWakeUp
                0x0000000000109310      0x210 C:/devkitPro/libctru/lib\libctru.a(apt.o)
 .text.APT_CancelParameter
                0x0000000000109520       0x70 C:/devkitPro/libctru/lib\libctru.a(apt.o)
                0x0000000000109520                APT_CancelParameter
 .text.aptInit  0x0000000000109590      0x25c C:/devkitPro/libctru/lib\libctru.a(apt.o)
                0x0000000000109590                aptInit
 .text.aptClearParamQueue
                0x00000000001097ec       0x88 C:/devkitPro/libctru/lib\libctru.a(apt.o)
 .text.aptMainLoop
                0x0000000000109874      0x208 C:/devkitPro/libctru/lib\libctru.a(apt.o)
                0x0000000000109874                aptMainLoop
 *fill*         0x0000000000109a7c        0x4 
 .text.aptExit  0x0000000000109a80      0x23c C:/devkitPro/libctru/lib\libctru.a(apt.o)
                0x0000000000109a80                aptExit
 .text.APT_CheckNew3DS
                0x0000000000109cbc       0x7c C:/devkitPro/libctru/lib\libctru.a(apt.o)
                0x0000000000109cbc                APT_CheckNew3DS
 .text.hidCheckSectionUpdateTime.part.0
                0x0000000000109d38       0x28 C:/devkitPro/libctru/lib\libctru.a(hid.o)
 .text.hidExit  0x0000000000109d60       0xd0 C:/devkitPro/libctru/lib\libctru.a(hid.o)
                0x0000000000109d60                hidExit
 .text.hidScanInput
                0x0000000000109e30      0x210 C:/devkitPro/libctru/lib\libctru.a(hid.o)
                0x0000000000109e30                hidScanInput
 .text.hidKeysDown
                0x000000000010a040       0x10 C:/devkitPro/libctru/lib\libctru.a(hid.o)
                0x000000000010a040                hidKeysDown
 .text.hidTouchRead
                0x000000000010a050       0x18 C:/devkitPro/libctru/lib\libctru.a(hid.o)
                0x000000000010a050                hidTouchRead
 .text.hidCircleRead
                0x000000000010a068       0x18 C:/devkitPro/libctru/lib\libctru.a(hid.o)
                0x000000000010a068                hidCircleRead
 .text.HIDUSER_GetHandles
                0x000000000010a080       0x90 C:/devkitPro/libctru/lib\libctru.a(hid.o)
                0x000000000010a080                HIDUSER_GetHandles
 .text.hidInit  0x000000000010a110      0x1a4 C:/devkitPro/libctru/lib\libctru.a(hid.o)
                0x000000000010a110                hidInit
 .text.ptmSysmInit
                0x000000000010a2b4       0x74 C:/devkitPro/libctru/lib\libctru.a(ptmsysm.o)
                0x000000000010a2b4                ptmSysmInit
 .text.ptmSysmExit
                0x000000000010a328       0x3c C:/devkitPro/libctru/lib\libctru.a(ptmsysm.o)
                0x000000000010a328                ptmSysmExit
 .text.PTMSYSM_ConfigureNew3DSCPU
                0x000000000010a364       0x34 C:/devkitPro/libctru/lib\libctru.a(ptmsysm.o)
                0x000000000010a364                PTMSYSM_ConfigureNew3DSCPU
 .text.rbtree_init
                0x000000000010a398       0x14 C:/devkitPro/libctru/lib\libctru.a(rbtree_init.o)
                0x000000000010a398                rbtree_init
 .text.do_insert
                0x000000000010a3ac      0x18c C:/devkitPro/libctru/lib\libctru.a(rbtree_insert.o)
 .text.rbtree_insert
                0x000000000010a538        0x8 C:/devkitPro/libctru/lib\libctru.a(rbtree_insert.o)
                0x000000000010a538                rbtree_insert
 .text.rbtree_rotate
                0x000000000010a540       0x90 C:/devkitPro/libctru/lib\libctru.a(rbtree_rotate.o)
                0x000000000010a540                rbtree_rotate
 .text.rbtree_remove
                0x000000000010a5d0      0x330 C:/devkitPro/libctru/lib\libctru.a(rbtree_remove.o)
                0x000000000010a5d0                rbtree_remove
 .text.rbtree_find
                0x000000000010a900       0x74 C:/devkitPro/libctru/lib\libctru.a(rbtree_find.o)
                0x000000000010a900                rbtree_find
 .text.__libctru_init
                0x000000000010a974       0x38 C:/devkitPro/libctru/lib\libctru.a(initSystem.o)
                0x000000000010a974                __libctru_init
 .text.__libctru_nanosleep
                0x000000000010a9ac       0x38 C:/devkitPro/libctru/lib\libctru.a(syscalls.o)
 .text.__ctru_get_reent
                0x000000000010a9e4       0x30 C:/devkitPro/libctru/lib\libctru.a(syscalls.o)
 .text.__system_initSyscalls
                0x000000000010aa14       0xfc C:/devkitPro/libctru/lib\libctru.a(syscalls.o)
                0x000000000010aa14                __system_initSyscalls
 .text.__system_allocateHeaps
                0x000000000010ab10      0x104 C:/devkitPro/libctru/lib\libctru.a(allocateHeaps.o)
                0x000000000010ab10                __system_allocateHeaps
 .text.__system_initArgv
                0x000000000010ac14       0xf0 C:/devkitPro/libctru/lib\libctru.a(initArgv.o)
                0x000000000010ac14                __system_initArgv
 .text.svcControlMemory
                0x000000000010ad04       0x20 C:/devkitPro/libctru/lib\libctru.a(svc.o)
                0x000000000010ad04                svcControlMemory
 .text.svcExitProcess
                0x000000000010ad24        0x8 C:/devkitPro/libctru/lib\libctru.a(svc.o)
                0x000000000010ad24                svcExitProcess
 .text.svcCreateThread
                0x000000000010ad2c       0x20 C:/devkitPro/libctru/lib\libctru.a(svc.o)
                0x000000000010ad2c                svcCreateThread
 .text.svcExitThread
                0x000000000010ad4c        0x8 C:/devkitPro/libctru/lib\libctru.a(svc.o)
                0x000000000010ad4c                svcExitThread
 .text.svcSleepThread
                0x000000000010ad54        0x8 C:/devkitPro/libctru/lib\libctru.a(svc.o)
                0x000000000010ad54                svcSleepThread
 .text.svcReleaseMutex
                0x000000000010ad5c        0x8 C:/devkitPro/libctru/lib\libctru.a(svc.o)
                0x000000000010ad5c                svcReleaseMutex
 .text.svcCreateEvent
                0x000000000010ad64       0x14 C:/devkitPro/libctru/lib\libctru.a(svc.o)
                0x000000000010ad64                svcCreateEvent
 .text.svcSignalEvent
                0x000000000010ad78        0x8 C:/devkitPro/libctru/lib\libctru.a(svc.o)
                0x000000000010ad78                svcSignalEvent
 .text.svcClearEvent
                0x000000000010ad80        0x8 C:/devkitPro/libctru/lib\libctru.a(svc.o)
                0x000000000010ad80                svcClearEvent
 .text.svcMapMemoryBlock
                0x000000000010ad88        0x8 C:/devkitPro/libctru/lib\libctru.a(svc.o)
                0x000000000010ad88                svcMapMemoryBlock
 .text.svcUnmapMemoryBlock
                0x000000000010ad90        0x8 C:/devkitPro/libctru/lib\libctru.a(svc.o)
                0x000000000010ad90                svcUnmapMemoryBlock
 .text.svcCreateAddressArbiter
                0x000000000010ad98       0x14 C:/devkitPro/libctru/lib\libctru.a(svc.o)
                0x000000000010ad98                svcCreateAddressArbiter
 .text.svcArbitrateAddress
                0x000000000010adac       0x18 C:/devkitPro/libctru/lib\libctru.a(svc.o)
                0x000000000010adac                svcArbitrateAddress
 .text.svcCloseHandle
                0x000000000010adc4        0x8 C:/devkitPro/libctru/lib\libctru.a(svc.o)
                0x000000000010adc4                svcCloseHandle
 .text.svcWaitSynchronization
                0x000000000010adcc        0x8 C:/devkitPro/libctru/lib\libctru.a(svc.o)
                0x000000000010adcc                svcWaitSynchronization
 .text.svcWaitSynchronizationN
                0x000000000010add4       0x28 C:/devkitPro/libctru/lib\libctru.a(svc.o)
                0x000000000010add4                svcWaitSynchronizationN
 .text.svcDuplicateHandle
                0x000000000010adfc       0x14 C:/devkitPro/libctru/lib\libctru.a(svc.o)
                0x000000000010adfc                svcDuplicateHandle
 .text.svcGetSystemTick
                0x000000000010ae10        0x8 C:/devkitPro/libctru/lib\libctru.a(svc.o)
                0x000000000010ae10                svcGetSystemTick
 .text.svcGetSystemInfo
                0x000000000010ae18       0x18 C:/devkitPro/libctru/lib\libctru.a(svc.o)
                0x000000000010ae18                svcGetSystemInfo
 .text.svcConnectToPort
                0x000000000010ae30       0x14 C:/devkitPro/libctru/lib\libctru.a(svc.o)
                0x000000000010ae30                svcConnectToPort
 .text.svcSendSyncRequest
                0x000000000010ae44        0x8 C:/devkitPro/libctru/lib\libctru.a(svc.o)
                0x000000000010ae44                svcSendSyncRequest
 .text.svcBreak
                0x000000000010ae4c        0x8 C:/devkitPro/libctru/lib\libctru.a(svc.o)
                0x000000000010ae4c                svcBreak
 .text._ZL21addrMapNodeComparatorPK11rbtree_nodeS1_
                0x000000000010ae54       0x24 C:/devkitPro/libctru/lib\libctru.a(mappable.o)
 .text._ZL21addrMapNodeDestructorP11rbtree_node
                0x000000000010ae78        0x4 C:/devkitPro/libctru/lib\libctru.a(mappable.o)
 .text.mappableAlloc
                0x000000000010ae7c       0xe4 C:/devkitPro/libctru/lib\libctru.a(mappable.o)
                0x000000000010ae7c                mappableAlloc
 .text.mappableFree
                0x000000000010af60       0x50 C:/devkitPro/libctru/lib\libctru.a(mappable.o)
                0x000000000010af60                mappableFree
 .text.LightLock_Unlock.part.1
                0x000000000010afb0       0x38 C:/devkitPro/libctru/lib\libctru.a(synchronization.o)
 .text.__sync_init
                0x000000000010afe8        0xc C:/devkitPro/libctru/lib\libctru.a(synchronization.o)
                0x000000000010afe8                __sync_init
 .text.__sync_fini
                0x000000000010aff4       0x18 C:/devkitPro/libctru/lib\libctru.a(synchronization.o)
                0x000000000010aff4                __sync_fini
 .text.__sync_get_arbiter
                0x000000000010b00c       0x10 C:/devkitPro/libctru/lib\libctru.a(synchronization.o)
                0x000000000010b00c                __sync_get_arbiter
 .text.LightLock_Init
                0x000000000010b01c       0x18 C:/devkitPro/libctru/lib\libctru.a(synchronization.o)
                0x000000000010b01c                LightLock_Init
 .text.LightLock_Lock
                0x000000000010b034       0x9c C:/devkitPro/libctru/lib\libctru.a(synchronization.o)
                0x000000000010b034                LightLock_Lock
 .text.LightLock_TryLock
                0x000000000010b0d0       0x34 C:/devkitPro/libctru/lib\libctru.a(synchronization.o)
                0x000000000010b0d0                LightLock_TryLock
 .text.LightLock_Unlock
                0x000000000010b104       0x20 C:/devkitPro/libctru/lib\libctru.a(synchronization.o)
                0x000000000010b104                LightLock_Unlock
 .text.RecursiveLock_Init
                0x000000000010b124       0x24 C:/devkitPro/libctru/lib\libctru.a(synchronization.o)
                0x000000000010b124                RecursiveLock_Init
 .text.RecursiveLock_Lock
                0x000000000010b148       0x30 C:/devkitPro/libctru/lib\libctru.a(synchronization.o)
                0x000000000010b148                RecursiveLock_Lock
 .text.RecursiveLock_TryLock
                0x000000000010b178       0x58 C:/devkitPro/libctru/lib\libctru.a(synchronization.o)
                0x000000000010b178                RecursiveLock_TryLock
 .text.RecursiveLock_Unlock
                0x000000000010b1d0       0x38 C:/devkitPro/libctru/lib\libctru.a(synchronization.o)
                0x000000000010b1d0                RecursiveLock_Unlock
 .text.LightEvent_Init
                0x000000000010b208       0x38 C:/devkitPro/libctru/lib\libctru.a(synchronization.o)
                0x000000000010b208                LightEvent_Init
 .text.LightEvent_Clear
                0x000000000010b240       0x7c C:/devkitPro/libctru/lib\libctru.a(synchronization.o)
                0x000000000010b240                LightEvent_Clear
 .text.LightEvent_Signal
                0x000000000010b2bc       0xdc C:/devkitPro/libctru/lib\libctru.a(synchronization.o)
                0x000000000010b2bc                LightEvent_Signal
 .text.LightEvent_Wait
                0x000000000010b398       0xc0 C:/devkitPro/libctru/lib\libctru.a(synchronization.o)
                0x000000000010b398                LightEvent_Wait
 .text.srvExit  0x000000000010b458       0x58 C:/devkitPro/libctru/lib\libctru.a(srv.o)
                0x000000000010b458                srvExit
 .text.srvRegisterClient
                0x000000000010b4b0       0x38 C:/devkitPro/libctru/lib\libctru.a(srv.o)
                0x000000000010b4b0                srvRegisterClient
 .text.srvInit  0x000000000010b4e8       0xc8 C:/devkitPro/libctru/lib\libctru.a(srv.o)
                0x000000000010b4e8                srvInit
 .text.srvGetServiceHandleDirect
                0x000000000010b5b0       0x80 C:/devkitPro/libctru/lib\libctru.a(srv.o)
                0x000000000010b5b0                srvGetServiceHandleDirect
 .text.srvGetServiceHandle
                0x000000000010b630       0x38 C:/devkitPro/libctru/lib\libctru.a(srv.o)
                0x000000000010b630                srvGetServiceHandle
 .text.threadFree.part.0
                0x000000000010b668       0x1c C:/devkitPro/libctru/lib\libctru.a(thread.o)
 .text.threadCreate
                0x000000000010b684      0x194 C:/devkitPro/libctru/lib\libctru.a(thread.o)
                0x000000000010b684                threadCreate
 .text.threadJoin
                0x000000000010b818       0x24 C:/devkitPro/libctru/lib\libctru.a(thread.o)
                0x000000000010b818                threadJoin
 .text.threadExit
                0x000000000010b83c       0x68 C:/devkitPro/libctru/lib\libctru.a(thread.o)
                0x000000000010b83c                threadExit
 .text._thread_begin
                0x000000000010b8a4       0x48 C:/devkitPro/libctru/lib\libctru.a(thread.o)
 .text.irrstScanInput
                0x000000000010b8ec       0xac C:/devkitPro/libctru/lib\libctru.a(irrst.o)
                0x000000000010b8ec                irrstScanInput
 .text.irrstKeysHeld
                0x000000000010b998       0x24 C:/devkitPro/libctru/lib\libctru.a(irrst.o)
                0x000000000010b998                irrstKeysHeld
 .text.IRRST_GetHandles
                0x000000000010b9bc       0x50 C:/devkitPro/libctru/lib\libctru.a(irrst.o)
                0x000000000010b9bc                IRRST_GetHandles
 .text.irrstInit
                0x000000000010ba0c      0x154 C:/devkitPro/libctru/lib\libctru.a(irrst.o)
                0x000000000010ba0c                irrstInit
 .text.IRRST_Shutdown
                0x000000000010bb60       0x2c C:/devkitPro/libctru/lib\libctru.a(irrst.o)
                0x000000000010bb60                IRRST_Shutdown
 .text.irrstExit
                0x000000000010bb8c       0xac C:/devkitPro/libctru/lib\libctru.a(irrst.o)
                0x000000000010bb8c                irrstExit
 .text.srvPmGetSessionHandle
                0x000000000010bc38        0xc C:/devkitPro/libctru/lib\libctru.a(srvpm.o)
                0x000000000010bc38                srvPmGetSessionHandle
 .text.rbtree_node_next
                0x000000000010bc44       0x78 C:/devkitPro/libctru/lib\libctru.a(rbtree_iterator.o)
                0x000000000010bc44                rbtree_node_next
 .text.__appInit
                0x000000000010bcbc       0x1c C:/devkitPro/libctru/lib\libctru.a(appInit.o)
                0x000000000010bcbc                __appInit
 .text.__appExit
                0x000000000010bcd8       0x1c C:/devkitPro/libctru/lib\libctru.a(appExit.o)
                0x000000000010bcd8                __appExit
 .text.__libctru_exit
                0x000000000010bcf4       0xa0 C:/devkitPro/libctru/lib\libctru.a(ctru_exit.o)
                0x000000000010bcf4                __libctru_exit
 .text.envGetHandle
                0x000000000010bd94       0x80 C:/devkitPro/libctru/lib\libctru.a(env.o)
                0x000000000010bd94                envGetHandle
 .text.envDestroyHandles
                0x000000000010be14       0x4c C:/devkitPro/libctru/lib\libctru.a(env.o)
                0x000000000010be14                envDestroyHandles
 .text.sdmc_link
                0x000000000010be60       0x10 C:/devkitPro/libctru/lib\libctru.a(sdmc_dev.o)
 .text.sdmc_dirreset
                0x000000000010be70       0x10 C:/devkitPro/libctru/lib\libctru.a(sdmc_dev.o)
 .text.sdmc_chmod
                0x000000000010be80       0x10 C:/devkitPro/libctru/lib\libctru.a(sdmc_dev.o)
 .text.error_cmp
                0x000000000010be90       0x24 C:/devkitPro/libctru/lib\libctru.a(sdmc_dev.o)
 .text.sdmc_translate_error
                0x000000000010beb4       0x50 C:/devkitPro/libctru/lib\libctru.a(sdmc_dev.o)
 .text.sdmc_fsync
                0x000000000010bf04       0x34 C:/devkitPro/libctru/lib\libctru.a(sdmc_dev.o)
 .text.sdmc_ftruncate
                0x000000000010bf38       0x54 C:/devkitPro/libctru/lib\libctru.a(sdmc_dev.o)
 .text.sdmc_statvfs
                0x000000000010bf8c       0xb8 C:/devkitPro/libctru/lib\libctru.a(sdmc_dev.o)
 .text.sdmc_dirclose
                0x000000000010c044       0x38 C:/devkitPro/libctru/lib\libctru.a(sdmc_dev.o)
 .text.sdmc_dirnext
                0x000000000010c07c      0x12c C:/devkitPro/libctru/lib\libctru.a(sdmc_dev.o)
 .text.sdmc_close
                0x000000000010c1a8       0x34 C:/devkitPro/libctru/lib\libctru.a(sdmc_dev.o)
 .text.sdmc_fstat
                0x000000000010c1dc       0x74 C:/devkitPro/libctru/lib\libctru.a(sdmc_dev.o)
 .text.sdmc_seek
                0x000000000010c250       0xd8 C:/devkitPro/libctru/lib\libctru.a(sdmc_dev.o)
 .text.sdmc_read
                0x000000000010c328       0x84 C:/devkitPro/libctru/lib\libctru.a(sdmc_dev.o)
 .text.sdmc_write
                0x000000000010c3ac       0xc0 C:/devkitPro/libctru/lib\libctru.a(sdmc_dev.o)
 .text.sdmc_utf16path
                0x000000000010c46c      0x1b0 C:/devkitPro/libctru/lib\libctru.a(sdmc_dev.o)
 .text.sdmc_rmdir
                0x000000000010c61c       0x74 C:/devkitPro/libctru/lib\libctru.a(sdmc_dev.o)
 .text.sdmc_diropen
                0x000000000010c690       0xa4 C:/devkitPro/libctru/lib\libctru.a(sdmc_dev.o)
 .text.sdmc_chdir
                0x000000000010c734       0xb0 C:/devkitPro/libctru/lib\libctru.a(sdmc_dev.o)
 .text.sdmc_mkdir
                0x000000000010c7e4       0x94 C:/devkitPro/libctru/lib\libctru.a(sdmc_dev.o)
 .text.sdmc_rename
                0x000000000010c878      0x108 C:/devkitPro/libctru/lib\libctru.a(sdmc_dev.o)
 .text.sdmc_unlink
                0x000000000010c980       0x74 C:/devkitPro/libctru/lib\libctru.a(sdmc_dev.o)
 .text.sdmc_stat
                0x000000000010c9f4      0x108 C:/devkitPro/libctru/lib\libctru.a(sdmc_dev.o)
 .text.sdmc_open
                0x000000000010cafc      0x198 C:/devkitPro/libctru/lib\libctru.a(sdmc_dev.o)
 .text.sdmc_fchmod
                0x000000000010cc94       0x10 C:/devkitPro/libctru/lib\libctru.a(sdmc_dev.o)
 .text.sdmcInit
                0x000000000010cca4      0x168 C:/devkitPro/libctru/lib\libctru.a(sdmc_dev.o)
                0x000000000010cca4                sdmcInit
 .text.sdmcExit
                0x000000000010ce0c       0x60 C:/devkitPro/libctru/lib\libctru.a(sdmc_dev.o)
                0x000000000010ce0c                sdmcExit
 .text.fsSessionForArchive.part.0
                0x000000000010ce6c       0x28 C:/devkitPro/libctru/lib\libctru.a(fs.o)
 .text.fsInit   0x000000000010ce94       0xc4 C:/devkitPro/libctru/lib\libctru.a(fs.o)
                0x000000000010ce94                fsInit
 .text.fsExit   0x000000000010cf58       0x3c C:/devkitPro/libctru/lib\libctru.a(fs.o)
                0x000000000010cf58                fsExit
 .text.fsExemptFromSession
                0x000000000010cf94       0x64 C:/devkitPro/libctru/lib\libctru.a(fs.o)
                0x000000000010cf94                fsExemptFromSession
 .text.fsUnexemptFromSession
                0x000000000010cff8       0x54 C:/devkitPro/libctru/lib\libctru.a(fs.o)
                0x000000000010cff8                fsUnexemptFromSession
 .text.FSUSER_OpenFile
                0x000000000010d04c       0xbc C:/devkitPro/libctru/lib\libctru.a(fs.o)
                0x000000000010d04c                FSUSER_OpenFile
 .text.FSUSER_DeleteFile
                0x000000000010d108       0xa4 C:/devkitPro/libctru/lib\libctru.a(fs.o)
                0x000000000010d108                FSUSER_DeleteFile
 .text.FSUSER_RenameFile
                0x000000000010d1ac       0xdc C:/devkitPro/libctru/lib\libctru.a(fs.o)
                0x000000000010d1ac                FSUSER_RenameFile
 .text.FSUSER_DeleteDirectory
                0x000000000010d288       0xa4 C:/devkitPro/libctru/lib\libctru.a(fs.o)
                0x000000000010d288                FSUSER_DeleteDirectory
 .text.FSUSER_CreateFile
                0x000000000010d32c       0xbc C:/devkitPro/libctru/lib\libctru.a(fs.o)
                0x000000000010d32c                FSUSER_CreateFile
 .text.FSUSER_CreateDirectory
                0x000000000010d3e8       0xac C:/devkitPro/libctru/lib\libctru.a(fs.o)
                0x000000000010d3e8                FSUSER_CreateDirectory
 .text.FSUSER_RenameDirectory
                0x000000000010d494       0xdc C:/devkitPro/libctru/lib\libctru.a(fs.o)
                0x000000000010d494                FSUSER_RenameDirectory
 .text.FSUSER_OpenDirectory
                0x000000000010d570       0xa0 C:/devkitPro/libctru/lib\libctru.a(fs.o)
                0x000000000010d570                FSUSER_OpenDirectory
 .text.FSUSER_OpenArchive
                0x000000000010d610       0x98 C:/devkitPro/libctru/lib\libctru.a(fs.o)
                0x000000000010d610                FSUSER_OpenArchive
 .text.FSUSER_CloseArchive
                0x000000000010d6a8       0x70 C:/devkitPro/libctru/lib\libctru.a(fs.o)
                0x000000000010d6a8                FSUSER_CloseArchive
 .text.FSUSER_GetSdmcArchiveResource
                0x000000000010d718       0x78 C:/devkitPro/libctru/lib\libctru.a(fs.o)
                0x000000000010d718                FSUSER_GetSdmcArchiveResource
 .text.FSUSER_IsSdmcWritable
                0x000000000010d790       0x64 C:/devkitPro/libctru/lib\libctru.a(fs.o)
                0x000000000010d790                FSUSER_IsSdmcWritable
 .text.FSFILE_Read
                0x000000000010d7f4       0x58 C:/devkitPro/libctru/lib\libctru.a(fs.o)
                0x000000000010d7f4                FSFILE_Read
 .text.FSFILE_Write
                0x000000000010d84c       0x64 C:/devkitPro/libctru/lib\libctru.a(fs.o)
                0x000000000010d84c                FSFILE_Write
 .text.FSFILE_GetSize
                0x000000000010d8b0       0x38 C:/devkitPro/libctru/lib\libctru.a(fs.o)
                0x000000000010d8b0                FSFILE_GetSize
 .text.FSFILE_SetSize
                0x000000000010d8e8       0x28 C:/devkitPro/libctru/lib\libctru.a(fs.o)
                0x000000000010d8e8                FSFILE_SetSize
 .text.FSFILE_Close
                0x000000000010d910       0x3c C:/devkitPro/libctru/lib\libctru.a(fs.o)
                0x000000000010d910                FSFILE_Close
 .text.FSFILE_Flush
                0x000000000010d94c       0x24 C:/devkitPro/libctru/lib\libctru.a(fs.o)
                0x000000000010d94c                FSFILE_Flush
 .text.FSDIR_Read
                0x000000000010d970       0x54 C:/devkitPro/libctru/lib\libctru.a(fs.o)
                0x000000000010d970                FSDIR_Read
 .text.FSDIR_Close
                0x000000000010d9c4       0x3c C:/devkitPro/libctru/lib\libctru.a(fs.o)
                0x000000000010d9c4                FSDIR_Close
 .text.utf16_to_utf8
                0x000000000010da00       0xe8 C:/devkitPro/libctru/lib\libctru.a(utf16_to_utf8.o)
                0x000000000010da00                utf16_to_utf8
 .text.decode_utf16
                0x000000000010dae8       0x60 C:/devkitPro/libctru/lib\libctru.a(decode_utf16.o)
                0x000000000010dae8                decode_utf16
 .text.decode_utf8
                0x000000000010db48      0x138 C:/devkitPro/libctru/lib\libctru.a(decode_utf8.o)
                0x000000000010db48                decode_utf8
 .text.utf8_to_utf16
                0x000000000010dc80       0xc0 C:/devkitPro/libctru/lib\libctru.a(utf8_to_utf16.o)
                0x000000000010dc80                utf8_to_utf16
 .text.__aeabi_read_tp
                0x000000000010dd40        0xc C:/devkitPro/libctru/lib\libctru.a(readtp.o)
                0x000000000010dd40                __aeabi_read_tp
 .text.encode_utf16
                0x000000000010dd4c       0x68 C:/devkitPro/libctru/lib\libctru.a(encode_utf16.o)
                0x000000000010dd4c                encode_utf16
 .text.encode_utf8
                0x000000000010ddb4      0x104 C:/devkitPro/libctru/lib\libctru.a(encode_utf8.o)
                0x000000000010ddb4                encode_utf8
 .text.cosf     0x000000000010deb8       0xc0 c:/devkitpro/devkitarm/bin/../lib/gcc/arm-none-eabi/8.2.0/../../../../arm-none-eabi/lib/armv6k/fpu\libm.a(lib_a-sf_cos.o)
                0x000000000010deb8                cosf
 .text.sinf     0x000000000010df78       0xc8 c:/devkitpro/devkitarm/bin/../lib/gcc/arm-none-eabi/8.2.0/../../../../arm-none-eabi/lib/armv6k/fpu\libm.a(lib_a-sf_sin.o)
                0x000000000010df78                sinf
 .text.atan2    0x000000000010e040        0x4 c:/devkitpro/devkitarm/bin/../lib/gcc/arm-none-eabi/8.2.0/../../../../arm-none-eabi/lib/armv6k/fpu\libm.a(lib_a-w_atan2.o)
                0x000000000010e040                atan2
 *fill*         0x000000000010e044        0x4 
 .text.__ieee754_atan2
                0x000000000010e048      0x29c c:/devkitpro/devkitarm/bin/../lib/gcc/arm-none-eabi/8.2.0/../../../../arm-none-eabi/lib/armv6k/fpu\libm.a(lib_a-e_atan2.o)
                0x000000000010e048                __ieee754_atan2
 .text.__ieee754_rem_pio2f
                0x000000000010e2e4      0x2e0 c:/devkitpro/devkitarm/bin/../lib/gcc/arm-none-eabi/8.2.0/../../../../arm-none-eabi/lib/armv6k/fpu\libm.a(lib_a-ef_rem_pio2.o)
                0x000000000010e2e4                __ieee754_rem_pio2f
 .text.__kernel_cosf
                0x000000000010e5c4      0x124 c:/devkitpro/devkitarm/bin/../lib/gcc/arm-none-eabi/8.2.0/../../../../arm-none-eabi/lib/armv6k/fpu\libm.a(lib_a-kf_cos.o)
                0x000000000010e5c4                __kernel_cosf
 .text.__kernel_rem_pio2f
                0x000000000010e6e8      0x868 c:/devkitpro/devkitarm/bin/../lib/gcc/arm-none-eabi/8.2.0/../../../../arm-none-eabi/lib/armv6k/fpu\libm.a(lib_a-kf_rem_pio2.o)
                0x000000000010e6e8                __kernel_rem_pio2f
 .text.__kernel_sinf
                0x000000000010ef50       0xa0 c:/devkitpro/devkitarm/bin/../lib/gcc/arm-none-eabi/8.2.0/../../../../arm-none-eabi/lib/armv6k/fpu\libm.a(lib_a-kf_sin.o)
                0x000000000010ef50                __kernel_sinf
 .text.atan     0x000000000010eff0      0x26c c:/devkitpro/devkitarm/bin/../lib/gcc/arm-none-eabi/8.2.0/../../../../arm-none-eabi/lib/armv6k/fpu\libm.a(lib_a-s_atan.o)
                0x000000000010eff0                atan
 .text.fabs     0x000000000010f25c       0x14 c:/devkitpro/devkitarm/bin/../lib/gcc/arm-none-eabi/8.2.0/../../../../arm-none-eabi/lib/armv6k/fpu\libm.a(lib_a-s_fabs.o)
                0x000000000010f25c                fabs
 .text.fabsf    0x000000000010f270       0x10 c:/devkitpro/devkitarm/bin/../lib/gcc/arm-none-eabi/8.2.0/../../../../arm-none-eabi/lib/armv6k/fpu\libm.a(lib_a-sf_fabs.o)
                0x000000000010f270                fabsf
 .text.floorf   0x000000000010f280       0xb4 c:/devkitpro/devkitarm/bin/../lib/gcc/arm-none-eabi/8.2.0/../../../../arm-none-eabi/lib/armv6k/fpu\libm.a(lib_a-sf_floor.o)
                0x000000000010f280                floorf
 .text.scalbnf  0x000000000010f334      0x124 c:/devkitpro/devkitarm/bin/../lib/gcc/arm-none-eabi/8.2.0/../../../../arm-none-eabi/lib/armv6k/fpu\libm.a(lib_a-sf_scalbn.o)
                0x000000000010f334                scalbnf
 .text.copysignf
                0x000000000010f458       0x1c c:/devkitpro/devkitarm/bin/../lib/gcc/arm-none-eabi/8.2.0/../../../../arm-none-eabi/lib/armv6k/fpu\libm.a(lib_a-sf_copysign.o)
                0x000000000010f458                copysignf
 .text.__fixdfdi
                0x000000000010f474       0x2c c:/devkitpro/devkitarm/bin/../lib/gcc/arm-none-eabi/8.2.0/armv6k/fpu\libgcc.a(_fixdfdi.o)
                0x000000000010f474                __fixdfdi
                0x000000000010f474                __aeabi_d2lz
 .text.__fixunsdfdi
                0x000000000010f4a0       0x40 c:/devkitpro/devkitarm/bin/../lib/gcc/arm-none-eabi/8.2.0/armv6k/fpu\libgcc.a(_fixunsdfdi.o)
                0x000000000010f4a0                __fixunsdfdi
                0x000000000010f4a0                __aeabi_d2ulz
 .text.__udivmoddi4
                0x000000000010f4e0      0x128 c:/devkitpro/devkitarm/bin/../lib/gcc/arm-none-eabi/8.2.0/armv6k/fpu\libgcc.a(_udivmoddi4.o)
                0x000000000010f4e0                __udivmoddi4
 .text.bsearch  0x000000000010f608       0x7c c:/devkitpro/devkitarm/bin/../lib/gcc/arm-none-eabi/8.2.0/../../../../arm-none-eabi/lib/armv6k/fpu\libg.a(lib_a-bsearch.o)
                0x000000000010f608                bsearch
 .text.calloc   0x000000000010f684       0x20 c:/devkitpro/devkitarm/bin/../lib/gcc/arm-none-eabi/8.2.0/../../../../arm-none-eabi/lib/armv6k/fpu\libg.a(lib_a-calloc.o)
                0x000000000010f684                calloc
 .text._calloc_r
                0x000000000010f6a4       0x94 c:/devkitpro/devkitarm/bin/../lib/gcc/arm-none-eabi/8.2.0/../../../../arm-none-eabi/lib/armv6k/fpu\libg.a(lib_a-callocr.o)
                0x000000000010f6a4                _calloc_r
 .text.__libc_fini_array
                0x000000000010f738       0x40 c:/devkitpro/devkitarm/bin/../lib/gcc/arm-none-eabi/8.2.0/../../../../arm-none-eabi/lib/armv6k/fpu\libg.a(lib_a-fini.o)
                0x000000000010f738                __libc_fini_array
 .text.__libc_init_array
                0x000000000010f778       0x7c c:/devkitpro/devkitarm/bin/../lib/gcc/arm-none-eabi/8.2.0/../../../../arm-none-eabi/lib/armv6k/fpu\libg.a(lib_a-init.o)
                0x000000000010f778                __libc_init_array
 .text.iprintf  0x000000000010f7f4       0x38 c:/devkitpro/devkitarm/bin/../lib/gcc/arm-none-eabi/8.2.0/../../../../arm-none-eabi/lib/armv6k/fpu\libg.a(lib_a-iprintf.o)
                0x000000000010f7f4                iprintf
 .text.memalign
                0x000000000010f82c       0x20 c:/devkitpro/devkitarm/bin/../lib/gcc/arm-none-eabi/8.2.0/../../../../arm-none-eabi/lib/armv6k/fpu\libg.a(lib_a-malign.o)
                0x000000000010f82c                memalign
 .text._memalign_r
                0x000000000010f84c      0x14c c:/devkitpro/devkitarm/bin/../lib/gcc/arm-none-eabi/8.2.0/../../../../arm-none-eabi/lib/armv6k/fpu\libg.a(lib_a-malignr.o)
                0x000000000010f84c                _memalign_r
 .text.malloc   0x000000000010f998       0x18 c:/devkitpro/devkitarm/bin/../lib/gcc/arm-none-eabi/8.2.0/../../../../arm-none-eabi/lib/armv6k/fpu\libg.a(lib_a-malloc.o)
                0x000000000010f998                malloc
 .text.free     0x000000000010f9b0       0x18 c:/devkitpro/devkitarm/bin/../lib/gcc/arm-none-eabi/8.2.0/../../../../arm-none-eabi/lib/armv6k/fpu\libg.a(lib_a-malloc.o)
                0x000000000010f9b0                free
 .text._malloc_r
                0x000000000010f9c8      0x78c c:/devkitpro/devkitarm/bin/../lib/gcc/arm-none-eabi/8.2.0/../../../../arm-none-eabi/lib/armv6k/fpu\libg.a(lib_a-mallocr.o)
                0x000000000010f9c8                _malloc_r
 .text.memchr   0x0000000000110154      0x100 c:/devkitpro/devkitarm/bin/../lib/gcc/arm-none-eabi/8.2.0/../../../../arm-none-eabi/lib/armv6k/fpu\libg.a(lib_a-memchr-stub.o)
                0x0000000000110154                memchr
 .text.memcpy   0x0000000000110254      0x118 c:/devkitpro/devkitarm/bin/../lib/gcc/arm-none-eabi/8.2.0/../../../../arm-none-eabi/lib/armv6k/fpu\libg.a(lib_a-memcpy-stub.o)
                0x0000000000110254                memcpy
 .text.memset   0x000000000011036c      0x114 c:/devkitpro/devkitarm/bin/../lib/gcc/arm-none-eabi/8.2.0/../../../../arm-none-eabi/lib/armv6k/fpu\libg.a(lib_a-memset.o)
                0x000000000011036c                memset
 .text.__malloc_lock
                0x0000000000110480        0xc c:/devkitpro/devkitarm/bin/../lib/gcc/arm-none-eabi/8.2.0/../../../../arm-none-eabi/lib/armv6k/fpu\libg.a(lib_a-mlock.o)
                0x0000000000110480                __malloc_lock
 .text.__malloc_unlock
                0x000000000011048c        0xc c:/devkitpro/devkitarm/bin/../lib/gcc/arm-none-eabi/8.2.0/../../../../arm-none-eabi/lib/armv6k/fpu\libg.a(lib_a-mlock.o)
                0x000000000011048c                __malloc_unlock
 .text.printf   0x0000000000110498       0x38 c:/devkitpro/devkitarm/bin/../lib/gcc/arm-none-eabi/8.2.0/../../../../arm-none-eabi/lib/armv6k/fpu\libg.a(lib_a-printf.o)
                0x0000000000110498                printf
 .text.setvbuf  0x00000000001104d0      0x25c c:/devkitpro/devkitarm/bin/../lib/gcc/arm-none-eabi/8.2.0/../../../../arm-none-eabi/lib/armv6k/fpu\libg.a(lib_a-setvbuf.o)
                0x00000000001104d0                setvbuf
 .text.sscanf   0x000000000011072c       0x74 c:/devkitpro/devkitarm/bin/../lib/gcc/arm-none-eabi/8.2.0/../../../../arm-none-eabi/lib/armv6k/fpu\libg.a(lib_a-sscanf.o)
                0x000000000011072c                sscanf
 .text.__sread  0x00000000001107a0       0x3c c:/devkitpro/devkitarm/bin/../lib/gcc/arm-none-eabi/8.2.0/../../../../arm-none-eabi/lib/armv6k/fpu\libg.a(lib_a-stdio.o)
                0x00000000001107a0                __sread
 .text.__seofread
                0x00000000001107dc        0x8 c:/devkitpro/devkitarm/bin/../lib/gcc/arm-none-eabi/8.2.0/../../../../arm-none-eabi/lib/armv6k/fpu\libg.a(lib_a-stdio.o)
                0x00000000001107dc                __seofread
 .text.__swrite
                0x00000000001107e4       0x68 c:/devkitpro/devkitarm/bin/../lib/gcc/arm-none-eabi/8.2.0/../../../../arm-none-eabi/lib/armv6k/fpu\libg.a(lib_a-stdio.o)
                0x00000000001107e4                __swrite
 .text.__sseek  0x000000000011084c       0x48 c:/devkitpro/devkitarm/bin/../lib/gcc/arm-none-eabi/8.2.0/../../../../arm-none-eabi/lib/armv6k/fpu\libg.a(lib_a-stdio.o)
                0x000000000011084c                __sseek
 .text.__sclose
                0x0000000000110894        0x8 c:/devkitpro/devkitarm/bin/../lib/gcc/arm-none-eabi/8.2.0/../../../../arm-none-eabi/lib/armv6k/fpu\libg.a(lib_a-stdio.o)
                0x0000000000110894                __sclose
 .text.strlen   0x000000000011089c       0x5c c:/devkitpro/devkitarm/bin/../lib/gcc/arm-none-eabi/8.2.0/../../../../arm-none-eabi/lib/armv6k/fpu\libg.a(lib_a-strlen-stub.o)
                0x000000000011089c                strlen
 .text.strncat  0x00000000001108f8       0x98 c:/devkitpro/devkitarm/bin/../lib/gcc/arm-none-eabi/8.2.0/../../../../arm-none-eabi/lib/armv6k/fpu\libg.a(lib_a-strncat.o)
                0x00000000001108f8                strncat
 .text.strncpy  0x0000000000110990       0xe0 c:/devkitpro/devkitarm/bin/../lib/gcc/arm-none-eabi/8.2.0/../../../../arm-none-eabi/lib/armv6k/fpu\libg.a(lib_a-strncpy.o)
                0x0000000000110990                strncpy
 .text.strnlen  0x0000000000110a70       0x5c c:/devkitpro/devkitarm/bin/../lib/gcc/arm-none-eabi/8.2.0/../../../../arm-none-eabi/lib/armv6k/fpu\libg.a(lib_a-strnlen.o)
                0x0000000000110a70                strnlen
 .text.get_arg  0x0000000000110acc       0x48 c:/devkitpro/devkitarm/bin/../lib/gcc/arm-none-eabi/8.2.0/../../../../arm-none-eabi/lib/armv6k/fpu\libg.a(lib_a-svfscanf.o)
 .text.__ssvfscanf_r
                0x0000000000110b14     0x2b48 c:/devkitpro/devkitarm/bin/../lib/gcc/arm-none-eabi/8.2.0/../../../../arm-none-eabi/lib/armv6k/fpu\libg.a(lib_a-svfscanf.o)
                0x0000000000110b14                __ssvfscanf_r
 .text.get_arg  0x000000000011365c      0x630 c:/devkitpro/devkitarm/bin/../lib/gcc/arm-none-eabi/8.2.0/../../../../arm-none-eabi/lib/armv6k/fpu\libg.a(lib_a-vfiprintf.o)
 .text.__sprint_r
                0x0000000000113c8c       0x34 c:/devkitpro/devkitarm/bin/../lib/gcc/arm-none-eabi/8.2.0/../../../../arm-none-eabi/lib/armv6k/fpu\libg.a(lib_a-vfiprintf.o)
                0x0000000000113c8c                __sprint_r
 .text._vfiprintf_r
                0x0000000000113cc0     0x2544 c:/devkitpro/devkitarm/bin/../lib/gcc/arm-none-eabi/8.2.0/../../../../arm-none-eabi/lib/armv6k/fpu\libg.a(lib_a-vfiprintf.o)
                0x0000000000113cc0                _vfiprintf_r
 .text.__sbprintf
                0x0000000000116204       0xd0 c:/devkitpro/devkitarm/bin/../lib/gcc/arm-none-eabi/8.2.0/../../../../arm-none-eabi/lib/armv6k/fpu\libg.a(lib_a-vfiprintf.o)
 .text.get_arg  0x00000000001162d4      0x630 c:/devkitpro/devkitarm/bin/../lib/gcc/arm-none-eabi/8.2.0/../../../../arm-none-eabi/lib/armv6k/fpu\libg.a(lib_a-vfprintf.o)
 *fill*         0x0000000000116904        0x4 
 .text._vfprintf_r
                0x0000000000116908     0x3724 c:/devkitpro/devkitarm/bin/../lib/gcc/arm-none-eabi/8.2.0/../../../../arm-none-eabi/lib/armv6k/fpu\libg.a(lib_a-vfprintf.o)
                0x0000000000116908                _vfprintf_r
 .text.__sbprintf
                0x000000000011a02c       0xd0 c:/devkitpro/devkitarm/bin/../lib/gcc/arm-none-eabi/8.2.0/../../../../arm-none-eabi/lib/armv6k/fpu\libg.a(lib_a-vfprintf.o)
 .text._wcrtomb_r
                0x000000000011a0fc       0xa0 c:/devkitpro/devkitarm/bin/../lib/gcc/arm-none-eabi/8.2.0/../../../../arm-none-eabi/lib/armv6k/fpu\libg.a(lib_a-wcrtomb.o)
                0x000000000011a0fc                _wcrtomb_r
 .text._wcsrtombs_r
                0x000000000011a19c       0x20 c:/devkitpro/devkitarm/bin/../lib/gcc/arm-none-eabi/8.2.0/../../../../arm-none-eabi/lib/armv6k/fpu\libg.a(lib_a-wcsrtombs.o)
                0x000000000011a19c                _wcsrtombs_r
 .text.__swsetup_r
                0x000000000011a1bc      0x150 c:/devkitpro/devkitarm/bin/../lib/gcc/arm-none-eabi/8.2.0/../../../../arm-none-eabi/lib/armv6k/fpu\libg.a(lib_a-wsetup.o)
                0x000000000011a1bc                __swsetup_r
 .text.quorem   0x000000000011a30c      0x1c8 c:/devkitpro/devkitarm/bin/../lib/gcc/arm-none-eabi/8.2.0/../../../../arm-none-eabi/lib/armv6k/fpu\libg.a(lib_a-dtoa.o)
 *fill*         0x000000000011a4d4        0x4 
 .text._dtoa_r  0x000000000011a4d8     0x12e4 c:/devkitpro/devkitarm/bin/../lib/gcc/arm-none-eabi/8.2.0/../../../../arm-none-eabi/lib/armv6k/fpu\libg.a(lib_a-dtoa.o)
                0x000000000011a4d8                _dtoa_r
 .text.__sflush_r
                0x000000000011b7bc      0x270 c:/devkitpro/devkitarm/bin/../lib/gcc/arm-none-eabi/8.2.0/../../../../arm-none-eabi/lib/armv6k/fpu\libg.a(lib_a-fflush.o)
                0x000000000011b7bc                __sflush_r
 .text._fflush_r
                0x000000000011ba2c       0x94 c:/devkitpro/devkitarm/bin/../lib/gcc/arm-none-eabi/8.2.0/../../../../arm-none-eabi/lib/armv6k/fpu\libg.a(lib_a-fflush.o)
                0x000000000011ba2c                _fflush_r
 .text.std      0x000000000011bac0       0x78 c:/devkitpro/devkitarm/bin/../lib/gcc/arm-none-eabi/8.2.0/../../../../arm-none-eabi/lib/armv6k/fpu\libg.a(lib_a-findfp.o)
 .text._cleanup_r
                0x000000000011bb38        0xc c:/devkitpro/devkitarm/bin/../lib/gcc/arm-none-eabi/8.2.0/../../../../arm-none-eabi/lib/armv6k/fpu\libg.a(lib_a-findfp.o)
                0x000000000011bb38                _cleanup_r
 .text.__sinit  0x000000000011bb44       0x8c c:/devkitpro/devkitarm/bin/../lib/gcc/arm-none-eabi/8.2.0/../../../../arm-none-eabi/lib/armv6k/fpu\libg.a(lib_a-findfp.o)
                0x000000000011bb44                __sinit
 .text.__sfp_lock_acquire
                0x000000000011bbd0        0xc c:/devkitpro/devkitarm/bin/../lib/gcc/arm-none-eabi/8.2.0/../../../../arm-none-eabi/lib/armv6k/fpu\libg.a(lib_a-findfp.o)
                0x000000000011bbd0                __sfp_lock_acquire
 .text.__sfp_lock_release
                0x000000000011bbdc        0xc c:/devkitpro/devkitarm/bin/../lib/gcc/arm-none-eabi/8.2.0/../../../../arm-none-eabi/lib/armv6k/fpu\libg.a(lib_a-findfp.o)
                0x000000000011bbdc                __sfp_lock_release
 .text._malloc_trim_r
                0x000000000011bbe8       0xf8 c:/devkitpro/devkitarm/bin/../lib/gcc/arm-none-eabi/8.2.0/../../../../arm-none-eabi/lib/armv6k/fpu\libg.a(lib_a-freer.o)
                0x000000000011bbe8                _malloc_trim_r
 .text._free_r  0x000000000011bce0      0x2e4 c:/devkitpro/devkitarm/bin/../lib/gcc/arm-none-eabi/8.2.0/../../../../arm-none-eabi/lib/armv6k/fpu\libg.a(lib_a-freer.o)
                0x000000000011bce0                _free_r
 .text.__sfvwrite_r
                0x000000000011bfc4      0x4a4 c:/devkitpro/devkitarm/bin/../lib/gcc/arm-none-eabi/8.2.0/../../../../arm-none-eabi/lib/armv6k/fpu\libg.a(lib_a-fvwrite.o)
                0x000000000011bfc4                __sfvwrite_r
 .text._fwalk_reent
                0x000000000011c468       0x80 c:/devkitpro/devkitarm/bin/../lib/gcc/arm-none-eabi/8.2.0/../../../../arm-none-eabi/lib/armv6k/fpu\libg.a(lib_a-fwalk.o)
                0x000000000011c468                _fwalk_reent
 .text.iswspace
                0x000000000011c4e8       0x74 c:/devkitpro/devkitarm/bin/../lib/gcc/arm-none-eabi/8.2.0/../../../../arm-none-eabi/lib/armv6k/fpu\libg.a(lib_a-iswspace.o)
                0x000000000011c4e8                iswspace
 .text.__jp2uc  0x000000000011c55c      0x1e0 c:/devkitpro/devkitarm/bin/../lib/gcc/arm-none-eabi/8.2.0/../../../../arm-none-eabi/lib/armv6k/fpu\libg.a(lib_a-jp2uc.o)
 .text._jp2uc   0x000000000011c73c       0xc4 c:/devkitpro/devkitarm/bin/../lib/gcc/arm-none-eabi/8.2.0/../../../../arm-none-eabi/lib/armv6k/fpu\libg.a(lib_a-jp2uc.o)
                0x000000000011c73c                _jp2uc
 .text.__localeconv_l
                0x000000000011c800        0x8 c:/devkitpro/devkitarm/bin/../lib/gcc/arm-none-eabi/8.2.0/../../../../arm-none-eabi/lib/armv6k/fpu\libg.a(lib_a-localeconv.o)
                0x000000000011c800                __localeconv_l
 .text._localeconv_r
                0x000000000011c808       0x24 c:/devkitpro/devkitarm/bin/../lib/gcc/arm-none-eabi/8.2.0/../../../../arm-none-eabi/lib/armv6k/fpu\libg.a(lib_a-localeconv.o)
                0x000000000011c808                _localeconv_r
 .text.__locale_mb_cur_max
                0x000000000011c82c       0x24 c:/devkitpro/devkitarm/bin/../lib/gcc/arm-none-eabi/8.2.0/../../../../arm-none-eabi/lib/armv6k/fpu\libg.a(lib_a-locale.o)
                0x000000000011c82c                __locale_mb_cur_max
 .text.__locale_ctype_ptr_l
                0x000000000011c850        0x8 c:/devkitpro/devkitarm/bin/../lib/gcc/arm-none-eabi/8.2.0/../../../../arm-none-eabi/lib/armv6k/fpu\libg.a(lib_a-locale.o)
                0x000000000011c850                __locale_ctype_ptr_l
 .text.__locale_ctype_ptr
                0x000000000011c858       0x24 c:/devkitpro/devkitarm/bin/../lib/gcc/arm-none-eabi/8.2.0/../../../../arm-none-eabi/lib/armv6k/fpu\libg.a(lib_a-locale.o)
                0x000000000011c858                __locale_ctype_ptr
 .text.__swhatbuf_r
                0x000000000011c87c       0x94 c:/devkitpro/devkitarm/bin/../lib/gcc/arm-none-eabi/8.2.0/../../../../arm-none-eabi/lib/armv6k/fpu\libg.a(lib_a-makebuf.o)
                0x000000000011c87c                __swhatbuf_r
 .text.__smakebuf_r
                0x000000000011c910       0xf4 c:/devkitpro/devkitarm/bin/../lib/gcc/arm-none-eabi/8.2.0/../../../../arm-none-eabi/lib/armv6k/fpu\libg.a(lib_a-makebuf.o)
                0x000000000011c910                __smakebuf_r
 .text._mbrtowc_r
                0x000000000011ca04       0xb4 c:/devkitpro/devkitarm/bin/../lib/gcc/arm-none-eabi/8.2.0/../../../../arm-none-eabi/lib/armv6k/fpu\libg.a(lib_a-mbrtowc.o)
                0x000000000011ca04                _mbrtowc_r
 .text.__utf8_mbtowc
                0x000000000011cab8      0x2fc c:/devkitpro/devkitarm/bin/../lib/gcc/arm-none-eabi/8.2.0/../../../../arm-none-eabi/lib/armv6k/fpu\libg.a(lib_a-mbtowc_r.o)
                0x000000000011cab8                __utf8_mbtowc
 .text.memmove  0x000000000011cdb4      0x154 c:/devkitpro/devkitarm/bin/../lib/gcc/arm-none-eabi/8.2.0/../../../../arm-none-eabi/lib/armv6k/fpu\libg.a(lib_a-memmove.o)
                0x000000000011cdb4                memmove
 .text._Balloc  0x000000000011cf08       0x88 c:/devkitpro/devkitarm/bin/../lib/gcc/arm-none-eabi/8.2.0/../../../../arm-none-eabi/lib/armv6k/fpu\libg.a(lib_a-mprec.o)
                0x000000000011cf08                _Balloc
 .text._Bfree   0x000000000011cf90       0x1c c:/devkitpro/devkitarm/bin/../lib/gcc/arm-none-eabi/8.2.0/../../../../arm-none-eabi/lib/armv6k/fpu\libg.a(lib_a-mprec.o)
                0x000000000011cf90                _Bfree
 .text.__multadd
                0x000000000011cfac       0xe0 c:/devkitpro/devkitarm/bin/../lib/gcc/arm-none-eabi/8.2.0/../../../../arm-none-eabi/lib/armv6k/fpu\libg.a(lib_a-mprec.o)
                0x000000000011cfac                __multadd
 .text.__s2b    0x000000000011d08c       0xe4 c:/devkitpro/devkitarm/bin/../lib/gcc/arm-none-eabi/8.2.0/../../../../arm-none-eabi/lib/armv6k/fpu\libg.a(lib_a-mprec.o)
                0x000000000011d08c                __s2b
 .text.__hi0bits
                0x000000000011d170       0x58 c:/devkitpro/devkitarm/bin/../lib/gcc/arm-none-eabi/8.2.0/../../../../arm-none-eabi/lib/armv6k/fpu\libg.a(lib_a-mprec.o)
                0x000000000011d170                __hi0bits
 .text.__lo0bits
                0x000000000011d1c8       0x9c c:/devkitpro/devkitarm/bin/../lib/gcc/arm-none-eabi/8.2.0/../../../../arm-none-eabi/lib/armv6k/fpu\libg.a(lib_a-mprec.o)
                0x000000000011d1c8                __lo0bits
 .text.__i2b    0x000000000011d264       0x20 c:/devkitpro/devkitarm/bin/../lib/gcc/arm-none-eabi/8.2.0/../../../../arm-none-eabi/lib/armv6k/fpu\libg.a(lib_a-mprec.o)
                0x000000000011d264                __i2b
 .text.__multiply
                0x000000000011d284      0x1c4 c:/devkitpro/devkitarm/bin/../lib/gcc/arm-none-eabi/8.2.0/../../../../arm-none-eabi/lib/armv6k/fpu\libg.a(lib_a-mprec.o)
                0x000000000011d284                __multiply
 .text.__pow5mult
                0x000000000011d448      0x100 c:/devkitpro/devkitarm/bin/../lib/gcc/arm-none-eabi/8.2.0/../../../../arm-none-eabi/lib/armv6k/fpu\libg.a(lib_a-mprec.o)
                0x000000000011d448                __pow5mult
 .text.__lshift
                0x000000000011d548       0xf4 c:/devkitpro/devkitarm/bin/../lib/gcc/arm-none-eabi/8.2.0/../../../../arm-none-eabi/lib/armv6k/fpu\libg.a(lib_a-mprec.o)
                0x000000000011d548                __lshift
 .text.__mcmp   0x000000000011d63c       0x5c c:/devkitpro/devkitarm/bin/../lib/gcc/arm-none-eabi/8.2.0/../../../../arm-none-eabi/lib/armv6k/fpu\libg.a(lib_a-mprec.o)
                0x000000000011d63c                __mcmp
 .text.__mdiff  0x000000000011d698      0x168 c:/devkitpro/devkitarm/bin/../lib/gcc/arm-none-eabi/8.2.0/../../../../arm-none-eabi/lib/armv6k/fpu\libg.a(lib_a-mprec.o)
                0x000000000011d698                __mdiff
 .text.__ulp    0x000000000011d800       0x74 c:/devkitpro/devkitarm/bin/../lib/gcc/arm-none-eabi/8.2.0/../../../../arm-none-eabi/lib/armv6k/fpu\libg.a(lib_a-mprec.o)
                0x000000000011d800                __ulp
 .text.__b2d    0x000000000011d874       0xd4 c:/devkitpro/devkitarm/bin/../lib/gcc/arm-none-eabi/8.2.0/../../../../arm-none-eabi/lib/armv6k/fpu\libg.a(lib_a-mprec.o)
                0x000000000011d874                __b2d
 .text.__d2b    0x000000000011d948      0x100 c:/devkitpro/devkitarm/bin/../lib/gcc/arm-none-eabi/8.2.0/../../../../arm-none-eabi/lib/armv6k/fpu\libg.a(lib_a-mprec.o)
                0x000000000011d948                __d2b
 .text.__ratio  0x000000000011da48       0x84 c:/devkitpro/devkitarm/bin/../lib/gcc/arm-none-eabi/8.2.0/../../../../arm-none-eabi/lib/armv6k/fpu\libg.a(lib_a-mprec.o)
                0x000000000011da48                __ratio
 .text.__copybits
                0x000000000011dacc       0x6c c:/devkitpro/devkitarm/bin/../lib/gcc/arm-none-eabi/8.2.0/../../../../arm-none-eabi/lib/armv6k/fpu\libg.a(lib_a-mprec.o)
                0x000000000011dacc                __copybits
 .text.__any_on
                0x000000000011db38       0x78 c:/devkitpro/devkitarm/bin/../lib/gcc/arm-none-eabi/8.2.0/../../../../arm-none-eabi/lib/armv6k/fpu\libg.a(lib_a-mprec.o)
                0x000000000011db38                __any_on
 .text.realloc  0x000000000011dbb0       0x20 c:/devkitpro/devkitarm/bin/../lib/gcc/arm-none-eabi/8.2.0/../../../../arm-none-eabi/lib/armv6k/fpu\libg.a(lib_a-realloc.o)
                0x000000000011dbb0                realloc
 .text._realloc_r
                0x000000000011dbd0      0x4bc c:/devkitpro/devkitarm/bin/../lib/gcc/arm-none-eabi/8.2.0/../../../../arm-none-eabi/lib/armv6k/fpu\libg.a(lib_a-reallocr.o)
                0x000000000011dbd0                _realloc_r
 .text.__sccl   0x000000000011e08c       0xcc c:/devkitpro/devkitarm/bin/../lib/gcc/arm-none-eabi/8.2.0/../../../../arm-none-eabi/lib/armv6k/fpu\libg.a(lib_a-sccl.o)
                0x000000000011e08c                __sccl
 .text.nanf     0x000000000011e158        0xc c:/devkitpro/devkitarm/bin/../lib/gcc/arm-none-eabi/8.2.0/../../../../arm-none-eabi/lib/armv6k/fpu\libg.a(lib_a-sf_nan.o)
                0x000000000011e158                nanf
 *fill*         0x000000000011e164        0x4 
 .text.frexp    0x000000000011e168       0xa8 c:/devkitpro/devkitarm/bin/../lib/gcc/arm-none-eabi/8.2.0/../../../../arm-none-eabi/lib/armv6k/fpu\libg.a(lib_a-s_frexp.o)
                0x000000000011e168                frexp
 .text.sprintf  0x000000000011e210       0x64 c:/devkitpro/devkitarm/bin/../lib/gcc/arm-none-eabi/8.2.0/../../../../arm-none-eabi/lib/armv6k/fpu\libg.a(lib_a-sprintf.o)
                0x000000000011e210                sprintf
 .text.stpncpy  0x000000000011e274      0x100 c:/devkitpro/devkitarm/bin/../lib/gcc/arm-none-eabi/8.2.0/../../../../arm-none-eabi/lib/armv6k/fpu\libg.a(lib_a-stpncpy.o)
                0x000000000011e274                stpncpy
 .text.strchr   0x000000000011e374      0x180 c:/devkitpro/devkitarm/bin/../lib/gcc/arm-none-eabi/8.2.0/../../../../arm-none-eabi/lib/armv6k/fpu\libg.a(lib_a-strchr.o)
                0x000000000011e374                strchr
 .text.strncmp  0x000000000011e4f4      0x10c c:/devkitpro/devkitarm/bin/../lib/gcc/arm-none-eabi/8.2.0/../../../../arm-none-eabi/lib/armv6k/fpu\libg.a(lib_a-strncmp.o)
                0x000000000011e4f4                strncmp
 .text.sulp     0x000000000011e600       0x54 c:/devkitpro/devkitarm/bin/../lib/gcc/arm-none-eabi/8.2.0/../../../../arm-none-eabi/lib/armv6k/fpu\libg.a(lib_a-strtod.o)
 *fill*         0x000000000011e654        0x4 
 .text._strtod_l
                0x000000000011e658     0x1404 c:/devkitpro/devkitarm/bin/../lib/gcc/arm-none-eabi/8.2.0/../../../../arm-none-eabi/lib/armv6k/fpu\libg.a(lib_a-strtod.o)
                0x000000000011e658                _strtod_l
 .text._strtod_r
                0x000000000011fa5c       0x3c c:/devkitpro/devkitarm/bin/../lib/gcc/arm-none-eabi/8.2.0/../../../../arm-none-eabi/lib/armv6k/fpu\libg.a(lib_a-strtod.o)
                0x000000000011fa5c                _strtod_r
 .text._strtoll_l.isra.0
                0x000000000011fa98      0x260 c:/devkitpro/devkitarm/bin/../lib/gcc/arm-none-eabi/8.2.0/../../../../arm-none-eabi/lib/armv6k/fpu\libg.a(lib_a-strtoll.o)
 .text._strtoll_r
                0x000000000011fcf8       0x50 c:/devkitpro/devkitarm/bin/../lib/gcc/arm-none-eabi/8.2.0/../../../../arm-none-eabi/lib/armv6k/fpu\libg.a(lib_a-strtoll.o)
                0x000000000011fcf8                _strtoll_r
 .text._strtol_l.isra.0
                0x000000000011fd48      0x1b8 c:/devkitpro/devkitarm/bin/../lib/gcc/arm-none-eabi/8.2.0/../../../../arm-none-eabi/lib/armv6k/fpu\libg.a(lib_a-strtol.o)
 .text._strtol_r
                0x000000000011ff00       0x50 c:/devkitpro/devkitarm/bin/../lib/gcc/arm-none-eabi/8.2.0/../../../../arm-none-eabi/lib/armv6k/fpu\libg.a(lib_a-strtol.o)
                0x000000000011ff00                _strtol_r
 .text._strtoull_l.isra.0
                0x000000000011ff50      0x260 c:/devkitpro/devkitarm/bin/../lib/gcc/arm-none-eabi/8.2.0/../../../../arm-none-eabi/lib/armv6k/fpu\libg.a(lib_a-strtoull.o)
 .text._strtoull_r
                0x00000000001201b0       0x50 c:/devkitpro/devkitarm/bin/../lib/gcc/arm-none-eabi/8.2.0/../../../../arm-none-eabi/lib/armv6k/fpu\libg.a(lib_a-strtoull.o)
                0x00000000001201b0                _strtoull_r
 .text._strtoul_l.isra.0
                0x0000000000120200      0x1cc c:/devkitpro/devkitarm/bin/../lib/gcc/arm-none-eabi/8.2.0/../../../../arm-none-eabi/lib/armv6k/fpu\libg.a(lib_a-strtoul.o)
 .text._strtoul_r
                0x00000000001203cc       0x50 c:/devkitpro/devkitarm/bin/../lib/gcc/arm-none-eabi/8.2.0/../../../../arm-none-eabi/lib/armv6k/fpu\libg.a(lib_a-strtoul.o)
                0x00000000001203cc                _strtoul_r
 .text.__ssprint_r
                0x000000000012041c      0x188 c:/devkitpro/devkitarm/bin/../lib/gcc/arm-none-eabi/8.2.0/../../../../arm-none-eabi/lib/armv6k/fpu\libg.a(lib_a-svfiprintf.o)
                0x000000000012041c                __ssprint_r
 .text._sungetc_r
                0x00000000001205a4       0xe4 c:/devkitpro/devkitarm/bin/../lib/gcc/arm-none-eabi/8.2.0/../../../../arm-none-eabi/lib/armv6k/fpu\libg.a(lib_a-svfiscanf.o)
                0x00000000001205a4                _sungetc_r
 .text.__ssrefill_r
                0x0000000000120688       0x6c c:/devkitpro/devkitarm/bin/../lib/gcc/arm-none-eabi/8.2.0/../../../../arm-none-eabi/lib/armv6k/fpu\libg.a(lib_a-svfiscanf.o)
                0x0000000000120688                __ssrefill_r
 .text._sfread_r
                0x00000000001206f4       0xc8 c:/devkitpro/devkitarm/bin/../lib/gcc/arm-none-eabi/8.2.0/../../../../arm-none-eabi/lib/armv6k/fpu\libg.a(lib_a-svfiscanf.o)
                0x00000000001206f4                _sfread_r
 .text.get_arg  0x00000000001207bc      0x630 c:/devkitpro/devkitarm/bin/../lib/gcc/arm-none-eabi/8.2.0/../../../../arm-none-eabi/lib/armv6k/fpu\libg.a(lib_a-svfprintf.o)
 *fill*         0x0000000000120dec        0x4 
 .text._svfprintf_r
                0x0000000000120df0     0x3640 c:/devkitpro/devkitarm/bin/../lib/gcc/arm-none-eabi/8.2.0/../../../../arm-none-eabi/lib/armv6k/fpu\libg.a(lib_a-svfprintf.o)
                0x0000000000120df0                _svfprintf_r
 .text.__submore
                0x0000000000124430       0xa4 c:/devkitpro/devkitarm/bin/../lib/gcc/arm-none-eabi/8.2.0/../../../../arm-none-eabi/lib/armv6k/fpu\libg.a(lib_a-ungetc.o)
                0x0000000000124430                __submore
 .text._wcsnrtombs_l
                0x00000000001244d4      0x184 c:/devkitpro/devkitarm/bin/../lib/gcc/arm-none-eabi/8.2.0/../../../../arm-none-eabi/lib/armv6k/fpu\libg.a(lib_a-wcsnrtombs.o)
                0x00000000001244d4                _wcsnrtombs_l
 .text._wcsnrtombs_r
                0x0000000000124658       0x64 c:/devkitpro/devkitarm/bin/../lib/gcc/arm-none-eabi/8.2.0/../../../../arm-none-eabi/lib/armv6k/fpu\libg.a(lib_a-wcsnrtombs.o)
                0x0000000000124658                _wcsnrtombs_r
 .text.__utf8_wctomb
                0x00000000001246bc       0xe8 c:/devkitpro/devkitarm/bin/../lib/gcc/arm-none-eabi/8.2.0/../../../../arm-none-eabi/lib/armv6k/fpu\libg.a(lib_a-wctomb_r.o)
                0x00000000001246bc                __utf8_wctomb
 .text._fclose_r
                0x00000000001247a4      0x160 c:/devkitpro/devkitarm/bin/../lib/gcc/arm-none-eabi/8.2.0/../../../../arm-none-eabi/lib/armv6k/fpu\libg.a(lib_a-fclose.o)
                0x00000000001247a4                _fclose_r
 .text.rshift   0x0000000000124904       0xec c:/devkitpro/devkitarm/bin/../lib/gcc/arm-none-eabi/8.2.0/../../../../arm-none-eabi/lib/armv6k/fpu\libg.a(lib_a-gdtoa-gethex.o)
 .text.__gethex
                0x00000000001249f0      0x828 c:/devkitpro/devkitarm/bin/../lib/gcc/arm-none-eabi/8.2.0/../../../../arm-none-eabi/lib/armv6k/fpu\libg.a(lib_a-gdtoa-gethex.o)
                0x00000000001249f0                __gethex
 .text.__match  0x0000000000125218       0x60 c:/devkitpro/devkitarm/bin/../lib/gcc/arm-none-eabi/8.2.0/../../../../arm-none-eabi/lib/armv6k/fpu\libg.a(lib_a-gdtoa-hexnan.o)
                0x0000000000125218                __match
 .text.__hexnan
                0x0000000000125278      0x254 c:/devkitpro/devkitarm/bin/../lib/gcc/arm-none-eabi/8.2.0/../../../../arm-none-eabi/lib/armv6k/fpu\libg.a(lib_a-gdtoa-hexnan.o)
                0x0000000000125278                __hexnan
 .text.null_write